Component: ARM Compiler 6.12 Tool: armlink [5d624300]

==============================================================================

Section Cross References

    main.o(.text) refers to system_gd32f1x0.o(.text) for SystemCoreClockUpdate
    main.o(.text) refers to setup.o(.text) for Watchdog_init
    main.o(.text) refers to gd32f1x0_gpio.o(.text) for gpio_bit_write
    main.o(.text) refers to gd32f1x0_fwdgt.o(.text) for fwdgt_counter_reload
    main.o(.text) refers to it.o(.text) for Delay
    main.o(.text) refers to commssteering.o(.text) for SendSteerDevice
    main.o(.text) refers to fflt_clz.o(x$fpl$fflt) for __aeabi_i2f
    main.o(.text) refers to f2d.o(x$fpl$f2d) for __aeabi_f2d
    main.o(.text) refers to dmul.o(x$fpl$dmul) for __aeabi_dmul
    main.o(.text) refers to ddiv.o(x$fpl$ddiv) for __aeabi_ddiv
    main.o(.text) refers to daddsub_clz.o(x$fpl$dadd) for __aeabi_dadd
    main.o(.text) refers to d2f.o(x$fpl$d2f) for __aeabi_d2f
    main.o(.text) refers to fmul.o(x$fpl$fmul) for __aeabi_fmul
    main.o(.text) refers to ffix.o(x$fpl$ffix) for __aeabi_f2iz
    main.o(.text) refers to faddsub_clz.o(x$fpl$fadd) for __aeabi_fadd
    main.o(.text) refers to fdiv.o(x$fpl$fdiv) for __aeabi_fdiv
    main.o(.text) refers to ffixu.o(x$fpl$ffixu) for __aeabi_f2uiz
    main.o(.text) refers to fcmp.o(x$fpl$fcmp) for __aeabi_fcmplt
    main.o(.text) refers to bldc.o(.text) for SetEnable
    main.o(.text) refers to commsmasterslave.o(.text) for SendSlave
    main.o(.text) refers to system_gd32f1x0.o(.data.SystemCoreClock) for SystemCoreClock
    main.o(.text) refers to bldc.o(.bss..L_MergedGlobals.1) for buzzerFreq
    main.o(.text) refers to main.o(.bss..L_MergedGlobals) for [Anonymous Symbol]
    main.o(.text) refers to main.o(.rodata.lookUpTableAngle) for lookUpTableAngle
    main.o(.text) refers to it.o(.data.timedOut) for timedOut
    main.o(.text) refers to bldc.o(.data..L_MergedGlobals) for batteryVoltage
    main.o(.text) refers to gd32f1x0_usart.o(.text) for usart_deinit
    main.o(.ARM.exidx) refers to main.o(.text) for [Anonymous Symbol]
    bldc.o(.text) refers to bldc.o(.bss..L_MergedGlobals.1) for [Anonymous Symbol]
    bldc.o(.text) refers to f2d.o(x$fpl$f2d) for __aeabi_f2d
    bldc.o(.text) refers to dmul.o(x$fpl$dmul) for __aeabi_dmul
    bldc.o(.text) refers to fflt_clz.o(x$fpl$ffltu) for __aeabi_ui2f
    bldc.o(.text) refers to daddsub_clz.o(x$fpl$dadd) for __aeabi_dadd
    bldc.o(.text) refers to d2f.o(x$fpl$d2f) for __aeabi_d2f
    bldc.o(.text) refers to gd32f1x0_gpio.o(.text) for gpio_bit_write
    bldc.o(.text) refers to dflt_clz.o(x$fpl$dflt) for __aeabi_i2d
    bldc.o(.text) refers to fcmp.o(x$fpl$fcmp) for __aeabi_fcmple
    bldc.o(.text) refers to gd32f1x0_timer.o(.text) for timer_automatic_output_enable
    bldc.o(.text) refers to fdiv.o(x$fpl$fdiv) for __aeabi_fdiv
    bldc.o(.text) refers to bldc.o(.data..L_MergedGlobals) for [Anonymous Symbol]
    bldc.o(.text) refers to it.o(.data.timedOut) for timedOut
    bldc.o(.text) refers to bldc.o(.rodata.hall_to_pos) for hall_to_pos
    bldc.o(.ARM.exidx) refers to bldc.o(.text) for [Anonymous Symbol]
    setup.o(.text) refers to gd32f1x0_misc.o(.text) for nvic_priority_group_set
    setup.o(.text) refers to gd32f1x0_rcu.o(.text) for rcu_flag_get
    setup.o(.text) refers to gd32f1x0_fwdgt.o(.text) for fwdgt_config
    setup.o(.text) refers to gd32f1x0_timer.o(.text) for timer_deinit
    setup.o(.text) refers to setup.o(.bss.timeoutTimer_paramter_struct) for timeoutTimer_paramter_struct
    setup.o(.text) refers to gd32f1x0_gpio.o(.text) for gpio_mode_set
    setup.o(.text) refers to setup.o(.bss..L_MergedGlobals) for [Anonymous Symbol]
    setup.o(.text) refers to gd32f1x0_dma.o(.text) for dma_deinit
    setup.o(.text) refers to gd32f1x0_adc.o(.text) for adc_channel_length_config
    setup.o(.text) refers to setup.o(.bss.dma_init_struct_adc) for dma_init_struct_adc
    setup.o(.text) refers to bldc.o(.bss..L_MergedGlobals.1) for adc_buffer
    setup.o(.text) refers to gd32f1x0_usart.o(.text) for usart_baudrate_set
    setup.o(.ARM.exidx) refers to setup.o(.text) for [Anonymous Symbol]
    it.o(.text) refers to it.o(.bss.msTicks) for msTicks
    it.o(.text) refers to it.o(.bss.timeoutCounter_ms) for timeoutCounter_ms
    it.o(.text) refers to gd32f1x0_timer.o(.text) for timer_interrupt_flag_clear
    it.o(.text) refers to it.o(.data.timedOut) for timedOut
    it.o(.text) refers to main.o(.bss..L_MergedGlobals) for speed
    it.o(.text) refers to gd32f1x0_adc.o(.text) for adc_software_trigger_enable
    it.o(.text) refers to bldc.o(.text) for CalculateBLDC
    it.o(.text) refers to gd32f1x0_dma.o(.text) for dma_interrupt_flag_get
    it.o(.text) refers to commssteering.o(.text) for UpdateUSARTSteerInput
    it.o(.text) refers to commsmasterslave.o(.text) for UpdateUSARTMasterSlaveInput
    it.o(.ARM.exidx) refers to it.o(.text) for [Anonymous Symbol]
[...]
    __arm_cp.29_1                            0x08001938   Number         4  gd32f1x0_adc.o(.text)
    __arm_cp.30_0                            0x08001954   Number         4  gd32f1x0_adc.o(.text)
    __arm_cp.30_1                            0x08001958   Number         4  gd32f1x0_adc.o(.text)
    __arm_cp.31_0                            0x08001964   Number         4  gd32f1x0_adc.o(.text)
    [Anonymous Symbol]                       0x08001968   Section        0  gd32f1x0_dma.o(.text)
    __arm_cp.0_0                             0x08001994   Number         4  gd32f1x0_dma.o(.text)
    __arm_cp.1_0                             0x08001a0c   Number         4  gd32f1x0_dma.o(.text)
    __arm_cp.2_0                             0x08001a24   Number         4  gd32f1x0_dma.o(.text)
    __arm_cp.3_0                             0x08001a3c   Number         4  gd32f1x0_dma.o(.text)
    __arm_cp.4_0                             0x08001a54   Number         4  gd32f1x0_dma.o(.text)
    __arm_cp.5_0                             0x08001a6c   Number         4  gd32f1x0_dma.o(.text)
    __arm_cp.6_0                             0x08001a84   Number         4  gd32f1x0_dma.o(.text)
    __arm_cp.7_0                             0x08001a9c   Number         4  gd32f1x0_dma.o(.text)
    __arm_cp.8_0                             0x08001aac   Number         4  gd32f1x0_dma.o(.text)
    __arm_cp.9_0                             0x08001abc   Number         4  gd32f1x0_dma.o(.text)
    __arm_cp.10_0                            0x08001acc   Number         4  gd32f1x0_dma.o(.text)
    __arm_cp.11_0                            0x08001adc   Number         4  gd32f1x0_dma.o(.text)
    __arm_cp.12_0                            0x08001af8   Number         4  gd32f1x0_dma.o(.text)
    __arm_cp.13_0                            0x08001b14   Number         4  gd32f1x0_dma.o(.text)
    __arm_cp.14_0                            0x08001b30   Number         4  gd32f1x0_dma.o(.text)
    __arm_cp.15_0                            0x08001b48   Number         4  gd32f1x0_dma.o(.text)
    __arm_cp.16_0                            0x08001b60   Number         4  gd32f1x0_dma.o(.text)
    __arm_cp.17_0                            0x08001b78   Number         4  gd32f1x0_dma.o(.text)
    __arm_cp.18_0                            0x08001b90   Number         4  gd32f1x0_dma.o(.text)
    __arm_cp.19_0                            0x08001bb4   Number         4  gd32f1x0_dma.o(.text)
    __arm_cp.20_0                            0x08001c1c   Number         4  gd32f1x0_dma.o(.text)
    __arm_cp.21_0                            0x08001c30   Number         4  gd32f1x0_dma.o(.text)
    __arm_cp.22_0                            0x08001c48   Number         4  gd32f1x0_dma.o(.text)
    __arm_cp.23_0                            0x08001c60   Number         4  gd32f1x0_dma.o(.text)
    __arm_cp.24_0                            0x08001c78   Number         4  gd32f1x0_dma.o(.text)
    __arm_cp.25_0                            0x08001c8c   Number         4  gd32f1x0_dma.o(.text)
    [Anonymous Symbol]                       0x08001c90   Section        0  gd32f1x0_fwdgt.o(.text)
    __arm_cp.0_0                             0x08001c98   Number         4  gd32f1x0_fwdgt.o(.text)
    __arm_cp.1_0                             0x08001ca8   Number         4  gd32f1x0_fwdgt.o(.text)
    __arm_cp.2_0                             0x08001cb8   Number         4  gd32f1x0_fwdgt.o(.text)
    __arm_cp.3_0                             0x08001ce8   Number         4  gd32f1x0_fwdgt.o(.text)
    __arm_cp.3_1                             0x08001cec   Number         4  gd32f1x0_fwdgt.o(.text)
    __arm_cp.4_0                             0x08001d38   Number         4  gd32f1x0_fwdgt.o(.text)
    __arm_cp.4_1                             0x08001d3c   Number         4  gd32f1x0_fwdgt.o(.text)
    __arm_cp.5_0                             0x08001d4c   Number         4  gd32f1x0_fwdgt.o(.text)
    [Anonymous Symbol]                       0x08001d50   Section        0  gd32f1x0_gpio.o(.text)
    [Anonymous Symbol]                       0x08001f20   Section        0  gd32f1x0_misc.o(.text)
    __arm_cp.0_0                             0x08001f2c   Number         4  gd32f1x0_misc.o(.text)
    __arm_cp.0_1                             0x08001f30   Number         4  gd32f1x0_misc.o(.text)
    __arm_cp.1_0                             0x08001fc8   Number         4  gd32f1x0_misc.o(.text)
    __arm_cp.1_1                             0x08001fcc   Number         4  gd32f1x0_misc.o(.text)
    __arm_cp.2_0                             0x08001fe8   Number         4  gd32f1x0_misc.o(.text)
    __arm_cp.3_0                             0x08001ff8   Number         4  gd32f1x0_misc.o(.text)
    __arm_cp.3_1                             0x08001ffc   Number         4  gd32f1x0_misc.o(.text)
    __arm_cp.4_0                             0x0800200c   Number         4  gd32f1x0_misc.o(.text)
    __arm_cp.5_0                             0x0800201c   Number         4  gd32f1x0_misc.o(.text)
    __arm_cp.6_0                             0x08002034   Number         4  gd32f1x0_misc.o(.text)
    [Anonymous Symbol]                       0x08002038   Section        0  gd32f1x0_rcu.o(.text)
    __arm_cp.0_0                             0x08002088   Number         4  gd32f1x0_rcu.o(.text)
    __arm_cp.0_1                             0x0800208c   Number         4  gd32f1x0_rcu.o(.text)
    __arm_cp.0_2                             0x08002090   Number         4  gd32f1x0_rcu.o(.text)
    __arm_cp.0_3                             0x08002094   Number         4  gd32f1x0_rcu.o(.text)
    __arm_cp.1_0                             0x080020b0   Number         4  gd32f1x0_rcu.o(.text)
    __arm_cp.2_0                             0x080020cc   Number         4  gd32f1x0_rcu.o(.text)
    __arm_cp.3_0                             0x080020e8   Number         4  gd32f1x0_rcu.o(.text)
    __arm_cp.4_0                             0x08002104   Number         4  gd32f1x0_rcu.o(.text)
    __arm_cp.5_0                             0x08002120   Number         4  gd32f1x0_rcu.o(.text)
    __arm_cp.6_0                             0x0800213c   Number         4  gd32f1x0_rcu.o(.text)
    __arm_cp.7_0                             0x0800214c   Number         4  gd32f1x0_rcu.o(.text)
    __arm_cp.8_0                             0x0800215c   Number         4  gd32f1x0_rcu.o(.text)
    __arm_cp.9_0                             0x08002170   Number         4  gd32f1x0_rcu.o(.text)
    __arm_cp.10_0                            0x08002180   Number         4  gd32f1x0_rcu.o(.text)
    __arm_cp.11_0                            0x08002194   Number         4  gd32f1x0_rcu.o(.text)
    __arm_cp.12_0                            0x080021a8   Number         4  gd32f1x0_rcu.o(.text)
    __arm_cp.13_0                            0x080021bc   Number         4  gd32f1x0_rcu.o(.text)
    __arm_cp.14_0                            0x08002210   Number         4  gd32f1x0_rcu.o(.text)
    __arm_cp.15_0                            0x08002228   Number         4  gd32f1x0_rcu.o(.text)
    __arm_cp.16_0                            0x0800223c   Number         4  gd32f1x0_rcu.o(.text)
    __arm_cp.17_0                            0x08002258   Number         4  gd32f1x0_rcu.o(.text)
    __arm_cp.17_1                            0x0800225c   Number         4  gd32f1x0_rcu.o(.text)
    __arm_cp.18_0                            0x08002274   Number         4  gd32f1x0_rcu.o(.text)
    __arm_cp.19_0                            0x0800228c   Number         4  gd32f1x0_rcu.o(.text)
    __arm_cp.20_0                            0x080022a4   Number         4  gd32f1x0_rcu.o(.text)
    __arm_cp.21_0                            0x080022b8   Number         4  gd32f1x0_rcu.o(.text)
    __arm_cp.22_0                            0x080022d0   Number         4  gd32f1x0_rcu.o(.text)
    __arm_cp.23_0                            0x080022ec   Number         4  gd32f1x0_rcu.o(.text)
    __arm_cp.24_0                            0x080022fc   Number         4  gd32f1x0_rcu.o(.text)
    __arm_cp.25_0                            0x0800230c   Number         4  gd32f1x0_rcu.o(.text)
    __arm_cp.26_0                            0x0800231c   Number         4  gd32f1x0_rcu.o(.text)
    __arm_cp.27_0                            0x0800232c   Number         4  gd32f1x0_rcu.o(.text)
    __arm_cp.28_0                            0x0800233c   Number         4  gd32f1x0_rcu.o(.text)
    __arm_cp.29_0                            0x08002410   Number         4  gd32f1x0_rcu.o(.text)
    __arm_cp.29_1                            0x08002414   Number         4  gd32f1x0_rcu.o(.text)
    __arm_cp.30_0                            0x08002430   Number         4  gd32f1x0_rcu.o(.text)
    __arm_cp.31_0                            0x0800244c   Number         4  gd32f1x0_rcu.o(.text)
    __arm_cp.32_0                            0x08002484   Number         4  gd32f1x0_rcu.o(.text)
    __arm_cp.33_0                            0x080024bc   Number         4  gd32f1x0_rcu.o(.text)
    __arm_cp.34_0                            0x080024cc   Number         4  gd32f1x0_rcu.o(.text)
    __arm_cp.35_0                            0x080024dc   Number         4  gd32f1x0_rcu.o(.text)
    __arm_cp.36_0                            0x080024f0   Number         4  gd32f1x0_rcu.o(.text)
    __arm_cp.37_0                            0x08002504   Number         4  gd32f1x0_rcu.o(.text)
    __arm_cp.38_0                            0x0800251c   Number         4  gd32f1x0_rcu.o(.text)
    __arm_cp.38_1                            0x08002520   Number         4  gd32f1x0_rcu.o(.text)
    __arm_cp.39_0                            0x08002538   Number         4  gd32f1x0_rcu.o(.text)
    __arm_cp.40_0                            0x08002550   Number         4  gd32f1x0_rcu.o(.text)
    __arm_cp.41_0                            0x08002654   Number         4  gd32f1x0_rcu.o(.text)
    __arm_cp.41_1                            0x08002658   Number         4  gd32f1x0_rcu.o(.text)
    __arm_cp.41_2                            0x0800265c   Number         4  gd32f1x0_rcu.o(.text)
    __arm_cp.41_4                            0x08002670   Number         4  gd32f1x0_rcu.o(.text)
    __arm_cp.41_5                            0x08002674   Number         4  gd32f1x0_rcu.o(.text)
    [Anonymous Symbol]                       0x08002678   Section        0  gd32f1x0_timer.o(.text)
    __arm_cp.0_0                             0x0800274c   Number         4  gd32f1x0_timer.o(.text)
    __arm_cp.0_1                             0x08002750   Number         4  gd32f1x0_timer.o(.text)
    __arm_cp.0_2                             0x08002754   Number         4  gd32f1x0_timer.o(.text)
    __arm_cp.0_3                             0x08002758   Number         4  gd32f1x0_timer.o(.text)
    __arm_cp.0_4                             0x0800275c   Number         4  gd32f1x0_timer.o(.text)
    __arm_cp.0_5                             0x08002760   Number         4  gd32f1x0_timer.o(.text)
    __arm_cp.0_6                             0x08002764   Number         4  gd32f1x0_timer.o(.text)
    __arm_cp.1_0                             0x080027d4   Number         4  gd32f1x0_timer.o(.text)
    __arm_cp.1_1                             0x080027d8   Number         4  gd32f1x0_timer.o(.text)
    __arm_cp.1_2                             0x080027dc   Number         4  gd32f1x0_timer.o(.text)
    __arm_cp.1_3                             0x080027e0   Number         4  gd32f1x0_timer.o(.text)
    __arm_cp.38_0                            0x08002b7c   Number         4  gd32f1x0_timer.o(.text)
    __arm_cp.38_1                            0x08002b80   Number         4  gd32f1x0_timer.o(.text)
    [Anonymous Symbol]                       0x08003238   Section        0  gd32f1x0_usart.o(.text)
    __arm_cp.0_0                             0x08003270   Number         4  gd32f1x0_usart.o(.text)
    __arm_cp.0_1                             0x08003274   Number         4  gd32f1x0_usart.o(.text)
    __arm_cp.1_0                             0x080032c4   Number         4  gd32f1x0_usart.o(.text)
    __arm_cp.1_1                             0x080032c8   Number         4  gd32f1x0_usart.o(.text)
    .text                                    0x0800382c   Section       64  startup_gd32f1x0.o(.text)
    [Anonymous Symbol]                       0x0800386c   Section        0  system_gd32f1x0.o(.text)
    __arm_cp.0_0                             0x08003910   Number         4  system_gd32f1x0.o(.text)
    __arm_cp.0_1                             0x08003914   Number         4  system_gd32f1x0.o(.text)
    __arm_cp.0_2                             0x08003918   Number         4  system_gd32f1x0.o(.text)
    __arm_cp.0_3                             0x0800391c   Number         4  system_gd32f1x0.o(.text)
    __arm_cp.0_4                             0x08003920   Number         4  system_gd32f1x0.o(.text)
    __arm_cp.1_0                             0x08003978   Number         4  system_gd32f1x0.o(.text)
    __arm_cp.1_1                             0x0800397c   Number         4  system_gd32f1x0.o(.text)
    __arm_cp.1_2                             0x08003980   Number         4  system_gd32f1x0.o(.text)
    __arm_cp.1_3                             0x08003984   Number         4  system_gd32f1x0.o(.text)
    .text                                    0x08003998   Section        0  heapauxi.o(.text)
    .text                                    0x0800399e   Section       74  sys_stackheap_outer.o(.text)
    .text                                    0x080039e8   Section        0  exit.o(.text)
    .text                                    0x080039fc   Section        8  libspace.o(.text)
    .text                                    0x08003a04   Section        0  sys_exit.o(.text)
    .text                                    0x08003a10   Section        2  use_no_semi.o(.text)
    .text                                    0x08003a12   Section        0  indicate_semi.o(.text)
    x$fpl$d2f                                0x08003a14   Section       98  d2f.o(x$fpl$d2f)
    x$fpl$dadd                               0x08003a78   Section      336  daddsub_clz.o(x$fpl$dadd)
    _dadd1                                   0x08003a89   Thumb Code     0  daddsub_clz.o(x$fpl$dadd)
    x$fpl$ddiv                               0x08003bc8   Section      688  ddiv.o(x$fpl$ddiv)
    ddiv_entry                               0x08003bcf   Thumb Code     0  ddiv.o(x$fpl$ddiv)
    x$fpl$dflt                               0x08003e78   Section       46  dflt_clz.o(x$fpl$dflt)
    x$fpl$dmul                               0x08003ea8   Section      340  dmul.o(x$fpl$dmul)
    x$fpl$dnaninf                            0x08003ffc   Section      156  dnaninf.o(x$fpl$dnaninf)
    x$fpl$dretinf                            0x08004098   Section       12  dretinf.o(x$fpl$dretinf)
    x$fpl$dsub                               0x080040a4   Section      468  daddsub_clz.o(x$fpl$dsub)
    _dsub1                                   0x080040b5   Thumb Code     0  daddsub_clz.o(x$fpl$dsub)
    x$fpl$f2d                                0x08004278   Section       86  f2d.o(x$fpl$f2d)
    x$fpl$fadd                               0x080042d0   Section      196  faddsub_clz.o(x$fpl$fadd)
    _fadd1                                   0x080042df   Thumb Code     0  faddsub_clz.o(x$fpl$fadd)
    x$fpl$fcmp                               0x08004394   Section       84  fcmp.o(x$fpl$fcmp)
    x$fpl$fcmpinf                            0x080043e8   Section       24  fcmpi.o(x$fpl$fcmpinf)
    _fdiv1                                   0x08004401   Thumb Code     0  fdiv.o(x$fpl$fdiv)
    x$fpl$fdiv                               0x08004400   Section      388  fdiv.o(x$fpl$fdiv)
    x$fpl$feqf                               0x08004584   Section      104  feqf.o(x$fpl$feqf)
    x$fpl$ffix                               0x080045ec   Section       54  ffix.o(x$fpl$ffix)
    x$fpl$ffixu                              0x08004624   Section       62  ffixu.o(x$fpl$ffixu)
    x$fpl$fflt                               0x08004664   Section       48  fflt_clz.o(x$fpl$fflt)
    x$fpl$ffltu                              0x08004694   Section       38  fflt_clz.o(x$fpl$ffltu)
    x$fpl$fgeqf                              0x080046bc   Section      104  fgeqf.o(x$fpl$fgeqf)
    x$fpl$fleqf                              0x08004724   Section      104  fleqf.o(x$fpl$fleqf)
    x$fpl$fmul                               0x0800478c   Section      258  fmul.o(x$fpl$fmul)
    x$fpl$fnaninf                            0x0800488e   Section      140  fnaninf.o(x$fpl$fnaninf)
    x$fpl$fretinf                            0x0800491a   Section       10  fretinf.o(x$fpl$fretinf)
    x$fpl$fsub                               0x08004924   Section      234  faddsub_clz.o(x$fpl$fsub)
    _fsub1                                   0x08004933   Thumb Code     0  faddsub_clz.o(x$fpl$fsub)
    .L__const.rcu_clock_freq_get.apb2_exp    0x08004a0e   Data           8  gd32f1x0_rcu.o(.rodata.cst8)
    x$fpl$usenofp                            0x08004a0e   Section        0  usenofp.o(x$fpl$usenofp)
    [Anonymous Symbol]                       0x20000000   Section        0  bldc.o(.data..L_MergedGlobals)
    .bss                                     0x20000010   Section       96  libspace.o(.bss)
    [Anonymous Symbol]                       0x20000070   Section        0  main.o(.bss..L_MergedGlobals)
    [Anonymous Symbol]                       0x20000084   Section        0  setup.o(.bss..L_MergedGlobals)
    sUSARTSteerRecordBufferCounter           0x200000d4   Data           1  commssteering.o(.bss..L_MergedGlobals)
    [Anonymous Symbol]                       0x200000d4   Section        0  commssteering.o(.bss..L_MergedGlobals)
    sSteerRecord                             0x200000d5   Data           1  commssteering.o(.bss..L_MergedGlobals)
    sUSARTSteerRecordBuffer                  0x200000d6   Data           8  commssteering.o(.bss..L_MergedGlobals)
    sUSARTMasterSlaveRecordBufferCounter     0x200000de   Data           1  commsmasterslave.o(.bss..L_MergedGlobals)
    [Anonymous Symbol]                       0x200000de   Section        0  commsmasterslave.o(.bss..L_MergedGlobals)
    sMasterSlaveRecord                       0x200000df   Data           1  commsmasterslave.o(.bss..L_MergedGlobals)
    sUSARTMasterSlaveRecordBuffer            0x200000e0   Data           5  commsmasterslave.o(.bss..L_MergedGlobals)
    [Anonymous Symbol]                       0x200000e8   Section        0  bldc.o(.bss..L_MergedGlobals.1)
    Heap_Mem                                 0x20000150   Data        1024  startup_gd32f1x0.o(HEAP)
    HEAP                                     0x20000150   Section     1024  startup_gd32f1x0.o(HEAP)
    Stack_Mem                                0x20000550   Data        1024  startup_gd32f1x0.o(STACK)
    STACK                                    0x20000550   Section     1024  startup_gd32f1x0.o(STACK)
    __initial_sp                             0x20000950   Data           0  startup_gd32f1x0.o(STACK)

    Global Symbols

    Symbol Name                              Value     Ov Type        Size  Object(Section)

    BuildAttributes$$THM_ISAv4$P$D$K$B$S$PE$A:L22UL41UL21$X:L11$S22US41US21$IEEE1$IW$~IW$USESV6$~STKCKD$USESV7$~SHL$OSPACE$ROPI$EBA8$UX$STANDARDLIB$REQ8$PRES8$EABIv2 0x00000000   Number         0  anon$$obj.o ABSOLUTE
    __ARM_exceptions_init                     - Undefined Weak Reference
    __alloca_initialize                       - Undefined Weak Reference
    __arm_preinit_                            - Undefined Weak Reference
    __cpp_initialize__aeabi_                  - Undefined Weak Reference
    __cxa_finalize                            - Undefined Weak Reference
    __rt_locale                               - Undefined Weak Reference
    __sigvec_lookup                           - Undefined Weak Reference
    _atexit_init                              - Undefined Weak Reference
    _call_atexit_fns                          - Undefined Weak Reference
    _clock_init                               - Undefined Weak Reference
    _fp_trap_init                             - Undefined Weak Reference
    _fp_trap_shutdown                         - Undefined Weak Reference
    _get_lc_collate                           - Undefined Weak Reference
    _get_lc_ctype                             - Undefined Weak Reference
    _get_lc_monetary                          - Undefined Weak Reference
    _get_lc_numeric                           - Undefined Weak Reference
    _get_lc_time                              - Undefined Weak Reference
    _getenv_init                              - Undefined Weak Reference
    _handle_redirection                       - Undefined Weak Reference
    _init_alloc                               - Undefined Weak Reference
    _init_user_alloc                          - Undefined Weak Reference
    _initio                                   - Undefined Weak Reference
    _rand_init                                - Undefined Weak Reference
    _signal_finish                            - Undefined Weak Reference
    _signal_init                              - Undefined Weak Reference
    _terminate_alloc                          - Undefined Weak Reference
    _terminate_user_alloc                     - Undefined Weak Reference
    _terminateio                              - Undefined Weak Reference
    __Vectors_Size                           0x00000168   Number         0  startup_gd32f1x0.o ABSOLUTE
    __Vectors                                0x08000000   Data           4  startup_gd32f1x0.o(RESET)
    __Vectors_End                            0x08000168   Data           0  startup_gd32f1x0.o(RESET)
    __main                                   0x08000169   Thumb Code     8  __main.o(!!!main)
    __scatterload                            0x08000171   Thumb Code     0  __scatter.o(!!!scatter)
    __scatterload_rt2                        0x08000171   Thumb Code    44  __scatter.o(!!!scatter)
    __scatterload_rt2_thumb_only             0x08000171   Thumb Code     0  __scatter.o(!!!scatter)
    __scatterload_null                       0x0800017f   Thumb Code     0  __scatter.o(!!!scatter)
    __scatterload_copy                       0x080001a5   Thumb Code    26  __scatter_copy.o(!!handler_copy)
    __scatterload_zeroinit                   0x080001c1   Thumb Code    28  __scatter_zi.o(!!handler_zi)
    __rt_lib_init                            0x080001dd   Thumb Code     0  libinit.o(.ARM.Collect$$libinit$$00000000)
    __rt_lib_init_alloca_1                   0x080001df   Thumb Code     0  libinit2.o(.ARM.Collect$$libinit$$0000002E)
    __rt_lib_init_argv_1                     0x080001df   Thumb Code     0  libinit2.o(.ARM.Collect$$libinit$$0000002C)
    __rt_lib_init_atexit_1                   0x080001df   Thumb Code     0  libinit2.o(.ARM.Collect$$libinit$$0000001B)
    __rt_lib_init_clock_1                    0x080001df   Thumb Code     0  libinit2.o(.ARM.Collect$$libinit$$00000021)
    __rt_lib_init_cpp_1                      0x080001df   Thumb Code     0  libinit2.o(.ARM.Collect$$libinit$$00000032)
    __rt_lib_init_exceptions_1               0x080001df   Thumb Code     0  libinit2.o(.ARM.Collect$$libinit$$00000030)
    __rt_lib_init_fp_1                       0x080001df   Thumb Code     0  libinit2.o(.ARM.Collect$$libinit$$00000002)
    __rt_lib_init_fp_trap_1                  0x080001df   Thumb Code     0  libinit2.o(.ARM.Collect$$libinit$$0000001F)
    __rt_lib_init_getenv_1                   0x080001df   Thumb Code     0  libinit2.o(.ARM.Collect$$libinit$$00000023)
    __rt_lib_init_heap_1                     0x080001df   Thumb Code     0  libinit2.o(.ARM.Collect$$libinit$$0000000A)
    __rt_lib_init_lc_collate_1               0x080001df   Thumb Code     0  libinit2.o(.ARM.Collect$$libinit$$00000011)
    __rt_lib_init_lc_ctype_1                 0x080001df   Thumb Code     0  libinit2.o(.ARM.Collect$$libinit$$00000013)
    __rt_lib_init_lc_monetary_1              0x080001df   Thumb Code     0  libinit2.o(.ARM.Collect$$libinit$$00000015)
    __rt_lib_init_lc_numeric_1               0x080001df   Thumb Code     0  libinit2.o(.ARM.Collect$$libinit$$00000017)
    __rt_lib_init_lc_time_1                  0x080001df   Thumb Code     0  libinit2.o(.ARM.Collect$$libinit$$00000019)
    __rt_lib_init_preinit_1                  0x080001df   Thumb Code     0  libinit2.o(.ARM.Collect$$libinit$$00000004)
    __rt_lib_init_rand_1                     0x080001df   Thumb Code     0  libinit2.o(.ARM.Collect$$libinit$$0000000E)
    __rt_lib_init_return                     0x080001df   Thumb Code     0  libinit2.o(.ARM.Collect$$libinit$$00000033)
    __rt_lib_init_signal_1                   0x080001df   Thumb Code     0  libinit2.o(.ARM.Collect$$libinit$$0000001D)
    __rt_lib_init_stdio_1                    0x080001df   Thumb Code     0  libinit2.o(.ARM.Collect$$libinit$$00000025)
    __rt_lib_init_user_alloc_1               0x080001df   Thumb Code     0  libinit2.o(.ARM.Collect$$libinit$$0000000C)
    __rt_lib_shutdown                        0x080001e1   Thumb Code     0  libshutdown.o(.ARM.Collect$$libshutdown$$00000000)
    __rt_lib_shutdown_cpp_1                  0x080001e3   Thumb Code     0  libshutdown2.o(.ARM.Collect$$libshutdown$$00000002)
    __rt_lib_shutdown_fp_trap_1              0x080001e3   Thumb Code     0  libshutdown2.o(.ARM.Collect$$libshutdown$$00000007)
    __rt_lib_shutdown_heap_1                 0x080001e3   Thumb Code     0  libshutdown2.o(.ARM.Collect$$libshutdown$$0000000F)
    __rt_lib_shutdown_return                 0x080001e3   Thumb Code     0  libshutdown2.o(.ARM.Collect$$libshutdown$$00000010)
    __rt_lib_shutdown_signal_1               0x080001e3   Thumb Code     0  libshutdown2.o(.ARM.Collect$$libshutdown$$0000000A)
    __rt_lib_shutdown_stdio_1                0x080001e3   Thumb Code     0  libshutdown2.o(.ARM.Collect$$libshutdown$$00000004)
    __rt_lib_shutdown_user_alloc_1           0x080001e3   Thumb Code     0  libshutdown2.o(.ARM.Collect$$libshutdown$$0000000C)
    __rt_entry                               0x080001e5   Thumb Code     0  __rtentry.o(.ARM.Collect$$rtentry$$00000000)
    __rt_entry_presh_1                       0x080001e5   Thumb Code     0  __rtentry2.o(.ARM.Collect$$rtentry$$00000002)
    __rt_entry_sh                            0x080001e5   Thumb Code     0  __rtentry4.o(.ARM.Collect$$rtentry$$00000004)
    __rt_entry_li                            0x080001eb   Thumb Code     0  __rtentry2.o(.ARM.Collect$$rtentry$$0000000A)
    __rt_entry_postsh_1                      0x080001eb   Thumb Code     0  __rtentry2.o(.ARM.Collect$$rtentry$$00000009)
    __rt_entry_main                          0x080001ef   Thumb Code     0  __rtentry2.o(.ARM.Collect$$rtentry$$0000000D)
    __rt_entry_postli_1                      0x080001ef   Thumb Code     0  __rtentry2.o(.ARM.Collect$$rtentry$$0000000C)
    __rt_exit                                0x080001f7   Thumb Code     0  rtexit.o(.ARM.Collect$$rtexit$$00000000)
    __rt_exit_ls                             0x080001f9   Thumb Code     0  rtexit2.o(.ARM.Collect$$rtexit$$00000003)
    __rt_exit_prels_1                        0x080001f9   Thumb Code     0  rtexit2.o(.ARM.Collect$$rtexit$$00000002)
    __rt_exit_exit                           0x080001fd   Thumb Code     0  rtexit2.o(.ARM.Collect$$rtexit$$00000004)
    main                                     0x08000205   Thumb Code   924  main.o(.text)
    ShowBatteryState                         0x080005a1   Thumb Code    76  main.o(.text)
    BeepsBackwards                           0x080005ed   Thumb Code    56  main.o(.text)
    ShutOff                                  0x08000625   Thumb Code    96  main.o(.text)
    blockPWM                                 0x08000681   Thumb Code    90  bldc.o(.text)
    SetEnable                                0x080006dd   Thumb Code    12  bldc.o(.text)
    SetPWM                                   0x080006e9   Thumb Code    36  bldc.o(.text)
    CalculateBLDC                            0x0800070d   Thumb Code   592  bldc.o(.text)
    Interrupt_init                           0x0800095d   Thumb Code     8  setup.o(.text)
    Watchdog_init                            0x08000965   Thumb Code    54  setup.o(.text)
    TimeoutTimer_init                        0x0800099d   Thumb Code    92  setup.o(.text)
    GPIO_init                                0x080009f9   Thumb Code   756  setup.o(.text)
    PWM_init                                 0x08000ced   Thumb Code   368  setup.o(.text)
    ADC_init                                 0x08000e5d   Thumb Code   248  setup.o(.text)
    USART_MasterSlave_init                   0x08000f55   Thumb Code   220  setup.o(.text)
    USART_Steer_COM_init                     0x08001031   Thumb Code   224  setup.o(.text)
    SysTick_Handler                          0x0800110d   Thumb Code    16  it.o(.text)
    ResetTimeout                             0x0800111d   Thumb Code    12  it.o(.text)
    TIMER13_IRQHandler                       0x08001129   Thumb Code    80  it.o(.text)
    TIMER0_BRK_UP_TRG_COM_IRQHandler         0x08001179   Thumb Code    24  it.o(.text)
    DMA_Channel0_IRQHandler                  0x08001191   Thumb Code    30  it.o(.text)
    DMA_Channel1_2_IRQHandler                0x080011af   Thumb Code    30  it.o(.text)
    DMA_Channel3_4_IRQHandler                0x080011cd   Thumb Code    30  it.o(.text)
    millis                                   0x080011ed   Thumb Code    12  it.o(.text)
    Delay                                    0x080011f9   Thumb Code    24  it.o(.text)
    NMI_Handler                              0x08001211   Thumb Code     2  it.o(.text)
    HardFault_Handler                        0x08001213   Thumb Code     2  it.o(.text)
    MemManage_Handler                        0x08001215   Thumb Code     2  it.o(.text)
    BusFault_Handler                         0x08001217   Thumb Code     2  it.o(.text)
    UsageFault_Handler                       0x08001219   Thumb Code     2  it.o(.text)
    SVC_Handler                              0x0800121b   Thumb Code     2  it.o(.text)
    DebugMon_Handler                         0x0800121d   Thumb Code     2  it.o(.text)
    PendSV_Handler                           0x0800121f   Thumb Code     2  it.o(.text)
    SendBuffer                               0x08001221   Thumb Code    42  comms.o(.text)
    CalcCRC                                  0x0800124b   Thumb Code    56  comms.o(.text)
    SendSteerDevice                          0x08001285   Thumb Code    28  commssteering.o(.text)
    UpdateUSARTSteerInput                    0x080012a1   Thumb Code    64  commssteering.o(.text)
    CheckUSARTSteerInput                     0x080012e1   Thumb Code    80  commssteering.o(.text)
    UpdateUSARTMasterSlaveInput              0x08001331   Thumb Code    64  commsmasterslave.o(.text)
    CheckUSARTMasterSlaveInput               0x08001371   Thumb Code   112  commsmasterslave.o(.text)
    SendSlave                                0x080013e1   Thumb Code   120  commsmasterslave.o(.text)
    adc_deinit                               0x08001459   Thumb Code    22  gd32f1x0_adc.o(.text)
    adc_enable                               0x08001471   Thumb Code    24  gd32f1x0_adc.o(.text)
    adc_disable                              0x08001489   Thumb Code    16  gd32f1x0_adc.o(.text)
    adc_calibration_enable                   0x08001499   Thumb Code    36  gd32f1x0_adc.o(.text)
    adc_dma_mode_enable                      0x080014bd   Thumb Code    16  gd32f1x0_adc.o(.text)
    adc_dma_mode_disable                     0x080014cd   Thumb Code    16  gd32f1x0_adc.o(.text)
    adc_tempsensor_vrefint_enable            0x080014dd   Thumb Code    16  gd32f1x0_adc.o(.text)
    adc_tempsensor_vrefint_disable           0x080014ed   Thumb Code    16  gd32f1x0_adc.o(.text)
    adc_vbat_enable                          0x080014fd   Thumb Code    16  gd32f1x0_adc.o(.text)
    adc_vbat_disable                         0x0800150d   Thumb Code    16  gd32f1x0_adc.o(.text)
    adc_discontinuous_mode_config            0x0800151d   Thumb Code    68  gd32f1x0_adc.o(.text)
    adc_special_function_config              0x08001561   Thumb Code    88  gd32f1x0_adc.o(.text)
    adc_data_alignment_config                0x080015b9   Thumb Code    24  gd32f1x0_adc.o(.text)
    adc_channel_length_config                0x080015d1   Thumb Code    80  gd32f1x0_adc.o(.text)
    adc_regular_channel_config               0x08001621   Thumb Code   172  gd32f1x0_adc.o(.text)
    adc_inserted_channel_config              0x080016cd   Thumb Code   112  gd32f1x0_adc.o(.text)
    adc_inserted_channel_offset_config       0x0800173d   Thumb Code    32  gd32f1x0_adc.o(.text)
    adc_external_trigger_config              0x0800175d   Thumb Code    64  gd32f1x0_adc.o(.text)
    adc_external_trigger_source_config       0x0800179d   Thumb Code    40  gd32f1x0_adc.o(.text)
    adc_software_trigger_enable              0x080017c5   Thumb Code    32  gd32f1x0_adc.o(.text)
    adc_regular_data_read                    0x080017e5   Thumb Code    12  gd32f1x0_adc.o(.text)
    adc_inserted_data_read                   0x080017f1   Thumb Code    48  gd32f1x0_adc.o(.text)
    adc_flag_get                             0x08001821   Thumb Code    16  gd32f1x0_adc.o(.text)
    adc_flag_clear                           0x08001831   Thumb Code    16  gd32f1x0_adc.o(.text)
    adc_interrupt_flag_get                   0x08001841   Thumb Code    64  gd32f1x0_adc.o(.text)
    adc_interrupt_flag_clear                 0x08001881   Thumb Code    16  gd32f1x0_adc.o(.text)
    adc_interrupt_enable                     0x08001891   Thumb Code    44  gd32f1x0_adc.o(.text)
    adc_interrupt_disable                    0x080018bd   Thumb Code    44  gd32f1x0_adc.o(.text)
    adc_watchdog_single_channel_enable       0x080018e9   Thumb Code    40  gd32f1x0_adc.o(.text)
    adc_watchdog_group_channel_enable        0x08001911   Thumb Code    56  gd32f1x0_adc.o(.text)
    adc_watchdog_disable                     0x08001949   Thumb Code    20  gd32f1x0_adc.o(.text)
    adc_watchdog_threshold_config            0x0800195d   Thumb Code    12  gd32f1x0_adc.o(.text)
    dma_deinit                               0x08001969   Thumb Code    48  gd32f1x0_dma.o(.text)
    dma_init                                 0x08001999   Thumb Code   120  gd32f1x0_dma.o(.text)
    dma_circulation_enable                   0x08001a11   Thumb Code    24  gd32f1x0_dma.o(.text)
    dma_circulation_disable                  0x08001a29   Thumb Code    24  gd32f1x0_dma.o(.text)
    dma_memory_to_memory_enable              0x08001a41   Thumb Code    24  gd32f1x0_dma.o(.text)
    dma_memory_to_memory_disable             0x08001a59   Thumb Code    24  gd32f1x0_dma.o(.text)
    dma_channel_enable                       0x08001a71   Thumb Code    24  gd32f1x0_dma.o(.text)
    dma_channel_disable                      0x08001a89   Thumb Code    24  gd32f1x0_dma.o(.text)
    dma_periph_address_config                0x08001aa1   Thumb Code    16  gd32f1x0_dma.o(.text)
    dma_memory_address_config                0x08001ab1   Thumb Code    16  gd32f1x0_dma.o(.text)
    dma_transfer_number_config               0x08001ac1   Thumb Code    16  gd32f1x0_dma.o(.text)
    dma_transfer_number_get                  0x08001ad1   Thumb Code    16  gd32f1x0_dma.o(.text)
    dma_priority_config                      0x08001ae1   Thumb Code    28  gd32f1x0_dma.o(.text)
    dma_memory_width_config                  0x08001afd   Thumb Code    28  gd32f1x0_dma.o(.text)
    dma_periph_width_config                  0x08001b19   Thumb Code    28  gd32f1x0_dma.o(.text)
    dma_memory_increase_enable               0x08001b35   Thumb Code    24  gd32f1x0_dma.o(.text)
    dma_memory_increase_disable              0x08001b4d   Thumb Code    24  gd32f1x0_dma.o(.text)
    dma_periph_increase_enable               0x08001b65   Thumb Code    24  gd32f1x0_dma.o(.text)
    dma_periph_increase_disable              0x08001b7d   Thumb Code    24  gd32f1x0_dma.o(.text)
    dma_transfer_direction_config            0x08001b95   Thumb Code    36  gd32f1x0_dma.o(.text)
    dma_interrupt_flag_get                   0x08001bb9   Thumb Code   104  gd32f1x0_dma.o(.text)
    dma_interrupt_flag_clear                 0x08001c21   Thumb Code    20  gd32f1x0_dma.o(.text)
    dma_interrupt_enable                     0x08001c35   Thumb Code    24  gd32f1x0_dma.o(.text)
    dma_interrupt_disable                    0x08001c4d   Thumb Code    24  gd32f1x0_dma.o(.text)
    dma_flag_get                             0x08001c65   Thumb Code    24  gd32f1x0_dma.o(.text)
    dma_flag_clear                           0x08001c7d   Thumb Code    20  gd32f1x0_dma.o(.text)
    fwdgt_write_disable                      0x08001c91   Thumb Code    12  gd32f1x0_fwdgt.o(.text)
    fwdgt_counter_reload                     0x08001c9d   Thumb Code    16  gd32f1x0_fwdgt.o(.text)
    fwdgt_enable                             0x08001cad   Thumb Code    16  gd32f1x0_fwdgt.o(.text)
    fwdgt_window_value_config                0x08001cbd   Thumb Code    52  gd32f1x0_fwdgt.o(.text)
    fwdgt_config                             0x08001cf1   Thumb Code    80  gd32f1x0_fwdgt.o(.text)
    fwdgt_flag_get                           0x08001d41   Thumb Code    16  gd32f1x0_fwdgt.o(.text)
    gpio_deinit                              0x08001d51   Thumb Code   128  gd32f1x0_gpio.o(.text)
    gpio_mode_set                            0x08001dd1   Thumb Code    82  gd32f1x0_gpio.o(.text)
    gpio_output_options_set                  0x08001e23   Thumb Code    68  gd32f1x0_gpio.o(.text)
    gpio_bit_set                             0x08001e67   Thumb Code     4  gd32f1x0_gpio.o(.text)
    gpio_bit_reset                           0x08001e6b   Thumb Code     4  gd32f1x0_gpio.o(.text)
    gpio_bit_write                           0x08001e6f   Thumb Code    12  gd32f1x0_gpio.o(.text)
    gpio_port_write                          0x08001e7b   Thumb Code     4  gd32f1x0_gpio.o(.text)
    gpio_input_bit_get                       0x08001e7f   Thumb Code    10  gd32f1x0_gpio.o(.text)
    gpio_input_port_get                      0x08001e89   Thumb Code     6  gd32f1x0_gpio.o(.text)
    gpio_output_bit_get                      0x08001e8f   Thumb Code    10  gd32f1x0_gpio.o(.text)
    gpio_output_port_get                     0x08001e99   Thumb Code     6  gd32f1x0_gpio.o(.text)
    gpio_af_set                              0x08001e9f   Thumb Code   112  gd32f1x0_gpio.o(.text)
    gpio_pin_lock                            0x08001f0f   Thumb Code    16  gd32f1x0_gpio.o(.text)
    nvic_priority_group_set                  0x08001f21   Thumb Code    20  gd32f1x0_misc.o(.text)
    nvic_irq_enable                          0x08001f35   Thumb Code   156  gd32f1x0_misc.o(.text)
    nvic_irq_disable                         0x08001fd1   Thumb Code    28  gd32f1x0_misc.o(.text)
    nvic_vector_table_set                    0x08001fed   Thumb Code    20  gd32f1x0_misc.o(.text)
    system_lowpower_set                      0x08002001   Thumb Code    16  gd32f1x0_misc.o(.text)
    system_lowpower_reset                    0x08002011   Thumb Code    16  gd32f1x0_misc.o(.text)
    systick_clksource_set                    0x08002021   Thumb Code    24  gd32f1x0_misc.o(.text)
    rcu_deinit                               0x08002039   Thumb Code    96  gd32f1x0_rcu.o(.text)
    rcu_periph_clock_enable                  0x08002099   Thumb Code    28  gd32f1x0_rcu.o(.text)
    rcu_periph_clock_disable                 0x080020b5   Thumb Code    28  gd32f1x0_rcu.o(.text)
    rcu_periph_clock_sleep_enable            0x080020d1   Thumb Code    28  gd32f1x0_rcu.o(.text)
    rcu_periph_clock_sleep_disable           0x080020ed   Thumb Code    28  gd32f1x0_rcu.o(.text)
    rcu_periph_reset_enable                  0x08002109   Thumb Code    28  gd32f1x0_rcu.o(.text)
    rcu_periph_reset_disable                 0x08002125   Thumb Code    28  gd32f1x0_rcu.o(.text)
    rcu_bkp_reset_enable                     0x08002141   Thumb Code    16  gd32f1x0_rcu.o(.text)
    rcu_bkp_reset_disable                    0x08002151   Thumb Code    16  gd32f1x0_rcu.o(.text)
    rcu_system_clock_source_config           0x08002161   Thumb Code    20  gd32f1x0_rcu.o(.text)
    rcu_system_clock_source_get              0x08002175   Thumb Code    16  gd32f1x0_rcu.o(.text)
    rcu_ahb_clock_config                     0x08002185   Thumb Code    20  gd32f1x0_rcu.o(.text)
    rcu_apb1_clock_config                    0x08002199   Thumb Code    20  gd32f1x0_rcu.o(.text)
    rcu_apb2_clock_config                    0x080021ad   Thumb Code    20  gd32f1x0_rcu.o(.text)
    rcu_adc_clock_config                     0x080021c1   Thumb Code    84  gd32f1x0_rcu.o(.text)
    rcu_usbd_clock_config                    0x08002215   Thumb Code    24  gd32f1x0_rcu.o(.text)
    rcu_ckout_config                         0x0800222d   Thumb Code    20  gd32f1x0_rcu.o(.text)
    rcu_pll_config                           0x08002241   Thumb Code    32  gd32f1x0_rcu.o(.text)
    rcu_usart_clock_config                   0x08002261   Thumb Code    24  gd32f1x0_rcu.o(.text)
    rcu_cec_clock_config                     0x08002279   Thumb Code    24  gd32f1x0_rcu.o(.text)
    rcu_rtc_clock_config                     0x08002291   Thumb Code    24  gd32f1x0_rcu.o(.text)
    rcu_hxtal_prediv_config                  0x080022a9   Thumb Code    20  gd32f1x0_rcu.o(.text)
    rcu_lxtal_drive_capability_config        0x080022bd   Thumb Code    24  gd32f1x0_rcu.o(.text)
    rcu_flag_get                             0x080022d5   Thumb Code    28  gd32f1x0_rcu.o(.text)
    rcu_all_reset_flag_clear                 0x080022f1   Thumb Code    16  gd32f1x0_rcu.o(.text)
    rcu_interrupt_flag_get                   0x08002301   Thumb Code    16  gd32f1x0_rcu.o(.text)
    rcu_interrupt_flag_clear                 0x08002311   Thumb Code    16  gd32f1x0_rcu.o(.text)
    rcu_interrupt_enable                     0x08002321   Thumb Code    16  gd32f1x0_rcu.o(.text)
    rcu_interrupt_disable                    0x08002331   Thumb Code    16  gd32f1x0_rcu.o(.text)
    rcu_osci_stab_wait                       0x08002341   Thumb Code   216  gd32f1x0_rcu.o(.text)
    rcu_osci_on                              0x08002419   Thumb Code    28  gd32f1x0_rcu.o(.text)
    rcu_osci_off                             0x08002435   Thumb Code    28  gd32f1x0_rcu.o(.text)
    rcu_osci_bypass_mode_enable              0x08002451   Thumb Code    56  gd32f1x0_rcu.o(.text)
    rcu_osci_bypass_mode_disable             0x08002489   Thumb Code    56  gd32f1x0_rcu.o(.text)
    rcu_hxtal_clock_monitor_enable           0x080024c1   Thumb Code    16  gd32f1x0_rcu.o(.text)
    rcu_hxtal_clock_monitor_disable          0x080024d1   Thumb Code    16  gd32f1x0_rcu.o(.text)
    rcu_irc8m_adjust_value_set               0x080024e1   Thumb Code    20  gd32f1x0_rcu.o(.text)
    rcu_irc14m_adjust_value_set              0x080024f5   Thumb Code    20  gd32f1x0_rcu.o(.text)
    rcu_voltage_key_unlock                   0x08002509   Thumb Code    28  gd32f1x0_rcu.o(.text)
    rcu_deepsleep_voltage_set                0x08002525   Thumb Code    24  gd32f1x0_rcu.o(.text)
    rcu_power_down_voltage_set               0x0800253d   Thumb Code    24  gd32f1x0_rcu.o(.text)
    rcu_clock_freq_get                       0x08002555   Thumb Code   292  gd32f1x0_rcu.o(.text)
    timer_deinit                             0x08002679   Thumb Code   240  gd32f1x0_timer.o(.text)
    timer_init                               0x08002769   Thumb Code   124  gd32f1x0_timer.o(.text)
    timer_enable                             0x080027e5   Thumb Code    10  gd32f1x0_timer.o(.text)
    timer_disable                            0x080027ef   Thumb Code    10  gd32f1x0_timer.o(.text)
    timer_auto_reload_shadow_enable          0x080027f9   Thumb Code    10  gd32f1x0_timer.o(.text)
    timer_auto_reload_shadow_disable         0x08002803   Thumb Code    10  gd32f1x0_timer.o(.text)
    timer_update_event_enable                0x0800280d   Thumb Code    10  gd32f1x0_timer.o(.text)
    timer_update_event_disable               0x08002817   Thumb Code    10  gd32f1x0_timer.o(.text)
    timer_counter_alignment                  0x08002821   Thumb Code    16  gd32f1x0_timer.o(.text)
    timer_counter_up_direction               0x08002831   Thumb Code    14  gd32f1x0_timer.o(.text)
    timer_counter_down_direction             0x0800283f   Thumb Code    18  gd32f1x0_timer.o(.text)
    timer_prescaler_config                   0x08002851   Thumb Code    18  gd32f1x0_timer.o(.text)
    timer_repetition_value_config            0x08002863   Thumb Code     4  gd32f1x0_timer.o(.text)
    timer_autoreload_value_config            0x08002867   Thumb Code     4  gd32f1x0_timer.o(.text)
    timer_counter_value_config               0x0800286b   Thumb Code     4  gd32f1x0_timer.o(.text)
    timer_counter_read                       0x0800286f   Thumb Code     4  gd32f1x0_timer.o(.text)
    timer_prescaler_read                     0x08002873   Thumb Code     6  gd32f1x0_timer.o(.text)
    timer_single_pulse_mode_config           0x08002879   Thumb Code    24  gd32f1x0_timer.o(.text)
    timer_update_source_config               0x08002891   Thumb Code    24  gd32f1x0_timer.o(.text)
    timer_interrupt_enable                   0x080028a9   Thumb Code     8  gd32f1x0_timer.o(.text)
    timer_interrupt_disable                  0x080028b1   Thumb Code    10  gd32f1x0_timer.o(.text)
    timer_interrupt_flag_get                 0x080028bb   Thumb Code    22  gd32f1x0_timer.o(.text)
    timer_interrupt_flag_clear               0x080028d1   Thumb Code    10  gd32f1x0_timer.o(.text)
    timer_flag_get                           0x080028db   Thumb Code    14  gd32f1x0_timer.o(.text)
    timer_flag_clear                         0x080028e9   Thumb Code    10  gd32f1x0_timer.o(.text)
    timer_dma_enable                         0x080028f3   Thumb Code     8  gd32f1x0_timer.o(.text)
    timer_dma_disable                        0x080028fb   Thumb Code    10  gd32f1x0_timer.o(.text)
    timer_channel_dma_request_source_select  0x08002905   Thumb Code    24  gd32f1x0_timer.o(.text)
    timer_dma_transfer_config                0x0800291d   Thumb Code    24  gd32f1x0_timer.o(.text)
    timer_event_software_generate            0x08002935   Thumb Code     8  gd32f1x0_timer.o(.text)
    timer_break_config                       0x0800293d   Thumb Code    30  gd32f1x0_timer.o(.text)
    timer_break_enable                       0x0800295b   Thumb Code    10  gd32f1x0_timer.o(.text)
    timer_break_disable                      0x08002965   Thumb Code     8  gd32f1x0_timer.o(.text)
    timer_automatic_output_enable            0x0800296d   Thumb Code    10  gd32f1x0_timer.o(.text)
    timer_automatic_output_disable           0x08002977   Thumb Code     8  gd32f1x0_timer.o(.text)
    timer_primary_output_config              0x0800297f   Thumb Code    18  gd32f1x0_timer.o(.text)
    timer_channel_control_shadow_config      0x08002991   Thumb Code    18  gd32f1x0_timer.o(.text)
    timer_channel_control_shadow_update_config 0x080029a3   Thumb Code    24  gd32f1x0_timer.o(.text)
    timer_channel_output_config              0x080029bd   Thumb Code   456  gd32f1x0_timer.o(.text)
    timer_channel_output_mode_config         0x08002b85   Thumb Code    56  gd32f1x0_timer.o(.text)
    timer_channel_output_pulse_value_config  0x08002bbd   Thumb Code    12  gd32f1x0_timer.o(.text)
    timer_channel_output_shadow_config       0x08002bc9   Thumb Code    56  gd32f1x0_timer.o(.text)
    timer_channel_output_fast_config         0x08002c01   Thumb Code    56  gd32f1x0_timer.o(.text)
    timer_channel_output_clear_config        0x08002c39   Thumb Code    56  gd32f1x0_timer.o(.text)
    timer_channel_output_polarity_config     0x08002c71   Thumb Code    68  gd32f1x0_timer.o(.text)
    timer_channel_complementary_output_polarity_config 0x08002cb5   Thumb Code    52  gd32f1x0_timer.o(.text)
    timer_ocpre_clear_source_config          0x08002ce9   Thumb Code    26  gd32f1x0_timer.o(.text)
    timer_channel_output_state_config        0x08002d05   Thumb Code    68  gd32f1x0_timer.o(.text)
    timer_channel_complementary_output_state_config 0x08002d49   Thumb Code    52  gd32f1x0_timer.o(.text)
    timer_input_capture_config               0x08002d7d   Thumb Code   294  gd32f1x0_timer.o(.text)
    timer_channel_input_capture_prescaler_config 0x08002ea5   Thumb Code    56  gd32f1x0_timer.o(.text)
    timer_channel_capture_value_register_read 0x08002edd   Thumb Code    14  gd32f1x0_timer.o(.text)
    timer_input_pwm_capture_config           0x08002eeb   Thumb Code   352  gd32f1x0_timer.o(.text)
    timer_hall_mode_config                   0x0800304b   Thumb Code    24  gd32f1x0_timer.o(.text)
    timer_input_trigger_source_select        0x08003063   Thumb Code    16  gd32f1x0_timer.o(.text)
    timer_master_output_trigger_source_select 0x08003073   Thumb Code    16  gd32f1x0_timer.o(.text)
    timer_slave_mode_select                  0x08003083   Thumb Code    16  gd32f1x0_timer.o(.text)
    timer_master_slave_mode_config           0x08003093   Thumb Code    24  gd32f1x0_timer.o(.text)
    timer_external_trigger_config            0x080030ab   Thumb Code    30  gd32f1x0_timer.o(.text)
    timer_quadrature_decoder_mode_config     0x080030c9   Thumb Code    78  gd32f1x0_timer.o(.text)
    timer_internal_clock_config              0x08003117   Thumb Code     8  gd32f1x0_timer.o(.text)
    timer_internal_trigger_as_external_clock_config 0x0800311f   Thumb Code    32  gd32f1x0_timer.o(.text)
    timer_external_trigger_as_external_clock_config 0x0800313f   Thumb Code   172  gd32f1x0_timer.o(.text)
    timer_external_clock_mode0_config        0x080031eb   Thumb Code    42  gd32f1x0_timer.o(.text)
    timer_external_clock_mode1_config        0x08003215   Thumb Code    18  gd32f1x0_timer.o(.text)
    timer_external_clock_mode1_disable       0x08003227   Thumb Code    10  gd32f1x0_timer.o(.text)
    timer_channel_remap_config               0x08003231   Thumb Code     8  gd32f1x0_timer.o(.text)
    usart_deinit                             0x08003239   Thumb Code    64  gd32f1x0_usart.o(.text)
    usart_baudrate_set                       0x08003279   Thumb Code    84  gd32f1x0_usart.o(.text)
    usart_parity_config                      0x080032cd   Thumb Code    24  gd32f1x0_usart.o(.text)
    usart_word_length_set                    0x080032e5   Thumb Code    24  gd32f1x0_usart.o(.text)
    usart_stop_bit_set                       0x080032fd   Thumb Code    24  gd32f1x0_usart.o(.text)
    usart_enable                             0x08003315   Thumb Code    10  gd32f1x0_usart.o(.text)
    usart_disable                            0x0800331f   Thumb Code    10  gd32f1x0_usart.o(.text)
    usart_transmit_config                    0x08003329   Thumb Code    16  gd32f1x0_usart.o(.text)
    usart_receive_config                     0x08003339   Thumb Code    16  gd32f1x0_usart.o(.text)
    usart_data_transmit                      0x08003349   Thumb Code     8  gd32f1x0_usart.o(.text)
    usart_data_receive                       0x08003351   Thumb Code     8  gd32f1x0_usart.o(.text)
    usart_data_first_config                  0x08003359   Thumb Code    28  gd32f1x0_usart.o(.text)
    usart_invert_config                      0x08003375   Thumb Code    92  gd32f1x0_usart.o(.text)
    usart_overrun_enable                     0x080033d1   Thumb Code    18  gd32f1x0_usart.o(.text)
    usart_overrun_disable                    0x080033e3   Thumb Code    18  gd32f1x0_usart.o(.text)
    usart_oversample_config                  0x080033f5   Thumb Code    24  gd32f1x0_usart.o(.text)
    usart_sample_bit_config                  0x0800340d   Thumb Code    24  gd32f1x0_usart.o(.text)
    usart_autobaud_detection_enable          0x08003425   Thumb Code    10  gd32f1x0_usart.o(.text)
    usart_autobaud_detection_disable         0x0800342f   Thumb Code    10  gd32f1x0_usart.o(.text)
    usart_autobaud_detection_mode_config     0x08003439   Thumb Code    16  gd32f1x0_usart.o(.text)
    usart_mute_mode_enable                   0x08003449   Thumb Code    10  gd32f1x0_usart.o(.text)
    usart_mute_mode_disable                  0x08003453   Thumb Code    10  gd32f1x0_usart.o(.text)
    usart_mute_mode_wakeup_config            0x0800345d   Thumb Code    24  gd32f1x0_usart.o(.text)
    usart_address_detection_mode_config      0x08003475   Thumb Code    28  gd32f1x0_usart.o(.text)
    usart_address_config                     0x08003491   Thumb Code    26  gd32f1x0_usart.o(.text)
    usart_receiver_timeout_enable            0x080034ab   Thumb Code    10  gd32f1x0_usart.o(.text)
    usart_receiver_timeout_disable           0x080034b5   Thumb Code    10  gd32f1x0_usart.o(.text)
    usart_receiver_timeout_config            0x080034bf   Thumb Code    16  gd32f1x0_usart.o(.text)
    usart_lin_mode_enable                    0x080034cf   Thumb Code    18  gd32f1x0_usart.o(.text)
    usart_lin_mode_disable                   0x080034e1   Thumb Code    18  gd32f1x0_usart.o(.text)
    usart_lin_break_dection_length_config    0x080034f3   Thumb Code    20  gd32f1x0_usart.o(.text)
    usart_halfduplex_enable                  0x08003507   Thumb Code    18  gd32f1x0_usart.o(.text)
    usart_halfduplex_disable                 0x08003519   Thumb Code    18  gd32f1x0_usart.o(.text)
    usart_clock_enable                       0x0800352b   Thumb Code    18  gd32f1x0_usart.o(.text)
    usart_clock_disable                      0x0800353d   Thumb Code    18  gd32f1x0_usart.o(.text)
    usart_synchronous_clock_config           0x0800354f   Thumb Code    58  gd32f1x0_usart.o(.text)
    usart_smartcard_mode_enable              0x08003589   Thumb Code    18  gd32f1x0_usart.o(.text)
    usart_smartcard_mode_disable             0x0800359b   Thumb Code    18  gd32f1x0_usart.o(.text)
    usart_smartcard_mode_nack_enable         0x080035ad   Thumb Code    18  gd32f1x0_usart.o(.text)
    usart_smartcard_mode_nack_disable        0x080035bf   Thumb Code    18  gd32f1x0_usart.o(.text)
    usart_guard_time_config                  0x080035d1   Thumb Code    28  gd32f1x0_usart.o(.text)
    usart_block_length_config                0x080035ed   Thumb Code    18  gd32f1x0_usart.o(.text)
    usart_smartcard_autoretry_config         0x080035ff   Thumb Code    30  gd32f1x0_usart.o(.text)
    usart_irda_mode_enable                   0x0800361d   Thumb Code    18  gd32f1x0_usart.o(.text)
    usart_irda_mode_disable                  0x0800362f   Thumb Code    18  gd32f1x0_usart.o(.text)
    usart_irda_lowpower_config               0x08003641   Thumb Code    20  gd32f1x0_usart.o(.text)
    usart_prescaler_config                   0x08003655   Thumb Code    24  gd32f1x0_usart.o(.text)
    usart_hardware_flow_rts_config           0x0800366d   Thumb Code    24  gd32f1x0_usart.o(.text)
    usart_hardware_flow_cts_config           0x08003685   Thumb Code    24  gd32f1x0_usart.o(.text)
    usart_rs485_driver_enable                0x0800369d   Thumb Code    18  gd32f1x0_usart.o(.text)
    usart_rs485_driver_disable               0x080036af   Thumb Code    18  gd32f1x0_usart.o(.text)
    usart_driver_assertime_config            0x080036c1   Thumb Code    30  gd32f1x0_usart.o(.text)
    usart_driver_deassertime_config          0x080036df   Thumb Code    30  gd32f1x0_usart.o(.text)
    usart_depolarity_config                  0x080036fd   Thumb Code    28  gd32f1x0_usart.o(.text)
    usart_dma_receive_config                 0x08003719   Thumb Code    16  gd32f1x0_usart.o(.text)
    usart_dma_transmit_config                0x08003729   Thumb Code    16  gd32f1x0_usart.o(.text)
    usart_reception_error_dma_disable        0x08003739   Thumb Code    18  gd32f1x0_usart.o(.text)
    usart_reception_error_dma_enable         0x0800374b   Thumb Code    18  gd32f1x0_usart.o(.text)
    usart_wakeup_enable                      0x0800375d   Thumb Code    10  gd32f1x0_usart.o(.text)
    usart_wakeup_disable                     0x08003767   Thumb Code    10  gd32f1x0_usart.o(.text)
    usart_wakeup_mode_config                 0x08003771   Thumb Code    28  gd32f1x0_usart.o(.text)
    usart_flag_get                           0x0800378d   Thumb Code    22  gd32f1x0_usart.o(.text)
    usart_flag_clear                         0x080037a3   Thumb Code    18  gd32f1x0_usart.o(.text)
    usart_interrupt_enable                   0x080037b5   Thumb Code    22  gd32f1x0_usart.o(.text)
    usart_interrupt_disable                  0x080037cb   Thumb Code    24  gd32f1x0_usart.o(.text)
    usart_command_enable                     0x080037e3   Thumb Code     8  gd32f1x0_usart.o(.text)
    usart_interrupt_flag_get                 0x080037eb   Thumb Code    46  gd32f1x0_usart.o(.text)
    usart_interrupt_flag_clear               0x08003819   Thumb Code    18  gd32f1x0_usart.o(.text)
    Reset_Handler                            0x0800382d   Thumb Code     8  startup_gd32f1x0.o(.text)
    ADC_CMP_IRQHandler                       0x08003847   Thumb Code     0  startup_gd32f1x0.o(.text)
    CAN0_RX0_IRQHandler                      0x08003847   Thumb Code     0  startup_gd32f1x0.o(.text)
    CAN0_RX1_IRQHandler                      0x08003847   Thumb Code     0  startup_gd32f1x0.o(.text)
    CAN0_SCE_IRQHandler                      0x08003847   Thumb Code     0  startup_gd32f1x0.o(.text)
    CAN0_TX_IRQHandler                       0x08003847   Thumb Code     0  startup_gd32f1x0.o(.text)
    CAN1_RX0_IRQHandler                      0x08003847   Thumb Code     0  startup_gd32f1x0.o(.text)
    CAN1_RX1_IRQHandler                      0x08003847   Thumb Code     0  startup_gd32f1x0.o(.text)
    CAN1_SCE_IRQHandler                      0x08003847   Thumb Code     0  startup_gd32f1x0.o(.text)
    CAN1_TX_IRQHandler                       0x08003847   Thumb Code     0  startup_gd32f1x0.o(.text)
    CEC_IRQHandler                           0x08003847   Thumb Code     0  startup_gd32f1x0.o(.text)
    DMA_Channel5_6_IRQHandler                0x08003847   Thumb Code     0  startup_gd32f1x0.o(.text)
    EXTI0_1_IRQHandler                       0x08003847   Thumb Code     0  startup_gd32f1x0.o(.text)
    EXTI2_3_IRQHandler                       0x08003847   Thumb Code     0  startup_gd32f1x0.o(.text)
    EXTI4_15_IRQHandler                      0x08003847   Thumb Code     0  startup_gd32f1x0.o(.text)
    FMC_IRQHandler                           0x08003847   Thumb Code     0  startup_gd32f1x0.o(.text)
    I2C0_ER_IRQHandler                       0x08003847   Thumb Code     0  startup_gd32f1x0.o(.text)
    I2C0_EV_IRQHandler                       0x08003847   Thumb Code     0  startup_gd32f1x0.o(.text)
    I2C1_ER_IRQHandler                       0x08003847   Thumb Code     0  startup_gd32f1x0.o(.text)
    I2C1_EV_IRQHandler                       0x08003847   Thumb Code     0  startup_gd32f1x0.o(.text)
    I2C2_ER_IRQHandler                       0x08003847   Thumb Code     0  startup_gd32f1x0.o(.text)
    I2C2_EV_IRQHandler                       0x08003847   Thumb Code     0  startup_gd32f1x0.o(.text)
    LVD_IRQHandler                           0x08003847   Thumb Code     0  startup_gd32f1x0.o(.text)
    RCU_IRQHandler                           0x08003847   Thumb Code     0  startup_gd32f1x0.o(.text)
    RTC_IRQHandler                           0x08003847   Thumb Code     0  startup_gd32f1x0.o(.text)
    SLCD_IRQHandler                          0x08003847   Thumb Code     0  startup_gd32f1x0.o(.text)
    SPI0_IRQHandler                          0x08003847   Thumb Code     0  startup_gd32f1x0.o(.text)
    SPI1_IRQHandler                          0x08003847   Thumb Code     0  startup_gd32f1x0.o(.text)
    SPI2_IRQHandler                          0x08003847   Thumb Code     0  startup_gd32f1x0.o(.text)
    TIMER0_Channel_IRQHandler                0x08003847   Thumb Code     0  startup_gd32f1x0.o(.text)
    TIMER14_IRQHandler                       0x08003847   Thumb Code     0  startup_gd32f1x0.o(.text)
    TIMER15_IRQHandler                       0x08003847   Thumb Code     0  startup_gd32f1x0.o(.text)
    TIMER16_IRQHandler                       0x08003847   Thumb Code     0  startup_gd32f1x0.o(.text)
    TIMER1_IRQHandler                        0x08003847   Thumb Code     0  startup_gd32f1x0.o(.text)
    TIMER2_IRQHandler                        0x08003847   Thumb Code     0  startup_gd32f1x0.o(.text)
    TIMER5_DAC_IRQHandler                    0x08003847   Thumb Code     0  startup_gd32f1x0.o(.text)
    TSI_IRQHandler                           0x08003847   Thumb Code     0  startup_gd32f1x0.o(.text)
    USART0_IRQHandler                        0x08003847   Thumb Code     0  startup_gd32f1x0.o(.text)
    USART1_IRQHandler                        0x08003847   Thumb Code     0  startup_gd32f1x0.o(.text)
    USBDWakeUp_IRQHandler                    0x08003847   Thumb Code     0  startup_gd32f1x0.o(.text)
    USBD_HP_IRQHandler                       0x08003847   Thumb Code     0  startup_gd32f1x0.o(.text)
    USBD_LP_IRQHandler                       0x08003847   Thumb Code     0  startup_gd32f1x0.o(.text)
    WWDGT_IRQHandler                         0x08003847   Thumb Code     0  startup_gd32f1x0.o(.text)
    __user_initial_stackheap                 0x08003849   Thumb Code    10  startup_gd32f1x0.o(.text)
    SystemInit                               0x0800386d   Thumb Code   184  system_gd32f1x0.o(.text)
    SystemCoreClockUpdate                    0x08003925   Thumb Code   116  system_gd32f1x0.o(.text)
    __use_two_region_memory                  0x08003999   Thumb Code     2  heapauxi.o(.text)
    __rt_heap_escrow$2region                 0x0800399b   Thumb Code     2  heapauxi.o(.text)
    __rt_heap_expand$2region                 0x0800399d   Thumb Code     2  heapauxi.o(.text)
    __user_setup_stackheap                   0x0800399f   Thumb Code    74  sys_stackheap_outer.o(.text)
    exit                                     0x080039e9   Thumb Code    18  exit.o(.text)
    __user_libspace                          0x080039fd   Thumb Code     8  libspace.o(.text)
    __user_perproc_libspace                  0x080039fd   Thumb Code     0  libspace.o(.text)
    __user_perthread_libspace                0x080039fd   Thumb Code     0  libspace.o(.text)
    _sys_exit                                0x08003a05   Thumb Code     8  sys_exit.o(.text)
    __I$use$semihosting                      0x08003a11   Thumb Code     0  use_no_semi.o(.text)
    __use_no_semihosting_swi                 0x08003a11   Thumb Code     2  use_no_semi.o(.text)
    __semihosting_library_function           0x08003a13   Thumb Code     0  indicate_semi.o(.text)
    __aeabi_d2f                              0x08003a15   Thumb Code     0  d2f.o(x$fpl$d2f)
    _d2f                                     0x08003a15   Thumb Code    98  d2f.o(x$fpl$d2f)
    __aeabi_dadd                             0x08003a79   Thumb Code     0  daddsub_clz.o(x$fpl$dadd)
    _dadd                                    0x08003a79   Thumb Code   332  daddsub_clz.o(x$fpl$dadd)
    __aeabi_ddiv                             0x08003bc9   Thumb Code     0  ddiv.o(x$fpl$ddiv)
    _ddiv                                    0x08003bc9   Thumb Code   552  ddiv.o(x$fpl$ddiv)
    __aeabi_i2d                              0x08003e79   Thumb Code     0  dflt_clz.o(x$fpl$dflt)
    _dflt                                    0x08003e79   Thumb Code    46  dflt_clz.o(x$fpl$dflt)
    __aeabi_dmul                             0x08003ea9   Thumb Code     0  dmul.o(x$fpl$dmul)
    _dmul                                    0x08003ea9   Thumb Code   332  dmul.o(x$fpl$dmul)
    __fpl_dnaninf                            0x08003ffd   Thumb Code   156  dnaninf.o(x$fpl$dnaninf)
    __fpl_dretinf                            0x08004099   Thumb Code    12  dretinf.o(x$fpl$dretinf)
    __aeabi_dsub                             0x080040a5   Thumb Code     0  daddsub_clz.o(x$fpl$dsub)
    _dsub                                    0x080040a5   Thumb Code   464  daddsub_clz.o(x$fpl$dsub)
    __aeabi_f2d                              0x08004279   Thumb Code     0  f2d.o(x$fpl$f2d)
    _f2d                                     0x08004279   Thumb Code    86  f2d.o(x$fpl$f2d)
    __aeabi_fadd                             0x080042d1   Thumb Code     0  faddsub_clz.o(x$fpl$fadd)
    _fadd                                    0x080042d1   Thumb Code   196  faddsub_clz.o(x$fpl$fadd)
    __aeabi_fcmpeq                           0x08004395   Thumb Code     0  fcmp.o(x$fpl$fcmp)
    _feq                                     0x08004395   Thumb Code    14  fcmp.o(x$fpl$fcmp)
    _fneq                                    0x080043a3   Thumb Code    14  fcmp.o(x$fpl$fcmp)
    __aeabi_fcmpgt                           0x080043b1   Thumb Code     0  fcmp.o(x$fpl$fcmp)
    _fgr                                     0x080043b1   Thumb Code    14  fcmp.o(x$fpl$fcmp)
    __aeabi_fcmpge                           0x080043bf   Thumb Code     0  fcmp.o(x$fpl$fcmp)
    _fgeq                                    0x080043bf   Thumb Code    14  fcmp.o(x$fpl$fcmp)
    __aeabi_fcmple                           0x080043cd   Thumb Code     0  fcmp.o(x$fpl$fcmp)
    _fleq                                    0x080043cd   Thumb Code    14  fcmp.o(x$fpl$fcmp)
    __aeabi_fcmplt                           0x080043db   Thumb Code     0  fcmp.o(x$fpl$fcmp)
    _fls                                     0x080043db   Thumb Code    14  fcmp.o(x$fpl$fcmp)
    __fpl_fcmp_Inf                           0x080043e9   Thumb Code    24  fcmpi.o(x$fpl$fcmpinf)
    __aeabi_fdiv                             0x08004401   Thumb Code     0  fdiv.o(x$fpl$fdiv)
    _fdiv                                    0x08004401   Thumb Code   384  fdiv.o(x$fpl$fdiv)
    __aeabi_cfcmpeq                          0x08004585   Thumb Code     0  feqf.o(x$fpl$feqf)
    _fcmpeq                                  0x08004585   Thumb Code   104  feqf.o(x$fpl$feqf)
    __aeabi_f2iz                             0x080045ed   Thumb Code     0  ffix.o(x$fpl$ffix)
    _ffix                                    0x080045ed   Thumb Code    54  ffix.o(x$fpl$ffix)
    __aeabi_f2uiz                            0x08004625   Thumb Code     0  ffixu.o(x$fpl$ffixu)
    _ffixu                                   0x08004625   Thumb Code    62  ffixu.o(x$fpl$ffixu)
    __aeabi_i2f                              0x08004665   Thumb Code     0  fflt_clz.o(x$fpl$fflt)
    _fflt                                    0x08004665   Thumb Code    48  fflt_clz.o(x$fpl$fflt)
    __aeabi_ui2f                             0x08004695   Thumb Code     0  fflt_clz.o(x$fpl$ffltu)
    _ffltu                                   0x08004695   Thumb Code    38  fflt_clz.o(x$fpl$ffltu)
    _fcmpge                                  0x080046bd   Thumb Code   104  fgeqf.o(x$fpl$fgeqf)
    __aeabi_cfcmple                          0x08004725   Thumb Code     0  fleqf.o(x$fpl$fleqf)
    _fcmple                                  0x08004725   Thumb Code   104  fleqf.o(x$fpl$fleqf)
    __fpl_fcmple_InfNaN                      0x08004777   Thumb Code     0  fleqf.o(x$fpl$fleqf)
    __aeabi_fmul                             0x0800478d   Thumb Code     0  fmul.o(x$fpl$fmul)
    _fmul                                    0x0800478d   Thumb Code   258  fmul.o(x$fpl$fmul)
    __fpl_fnaninf                            0x0800488f   Thumb Code   140  fnaninf.o(x$fpl$fnaninf)
    __fpl_fretinf                            0x0800491b   Thumb Code    10  fretinf.o(x$fpl$fretinf)
    __aeabi_fsub                             0x08004925   Thumb Code     0  faddsub_clz.o(x$fpl$fsub)
    _fsub                                    0x08004925   Thumb Code   234  faddsub_clz.o(x$fpl$fsub)
    __I$use$fp                               0x08004a0e   Number         0  usenofp.o(x$fpl$usenofp)
    hall_to_pos                              0x08004a16   Data           8  bldc.o(.rodata.hall_to_pos)
    lookUpTableAngle                         0x08004a20   Data         724  main.o(.rodata.lookUpTableAngle)
    Region$$Table$$Base                      0x08004cf4   Number         0  anon$$obj.o(Region$$Table)
    Region$$Table$$Limit                     0x08004d14   Number         0  anon$$obj.o(Region$$Table)
    offsetdc                                 0x20000000   Data           2  bldc.o(.data..L_MergedGlobals)
    batteryVoltage                           0x20000004   Data           4  bldc.o(.data..L_MergedGlobals)
    SystemCoreClock                          0x20000008   Data           4  system_gd32f1x0.o(.data.SystemCoreClock)
    timedOut                                 0x2000000c   Data           1  it.o(.data.timedOut)
    __libspace_start                         0x20000010   Data          96  libspace.o(.bss)
    __temporary_stack_top$libspace           0x20000070   Data           0  libspace.o(.bss)
    beepsBackwards                           0x20000070   Data           1  main.o(.bss..L_MergedGlobals)
    steer                                    0x20000074   Data           4  main.o(.bss..L_MergedGlobals)
    speed                                    0x20000078   Data           4  main.o(.bss..L_MergedGlobals)
    inactivity_timeout_counter               0x2000007c   Data           4  main.o(.bss..L_MergedGlobals)
    steerCounter                             0x20000080   Data           4  main.o(.bss..L_MergedGlobals)
    usartMasterSlave_rx_buf                  0x20000084   Data           1  setup.o(.bss..L_MergedGlobals)
    usartSteer_COM_rx_buf                    0x20000085   Data           1  setup.o(.bss..L_MergedGlobals)
    timerBldc_oc_parameter_struct            0x20000086   Data          12  setup.o(.bss..L_MergedGlobals)
    timerBldc_break_parameter_struct         0x20000092   Data          14  setup.o(.bss..L_MergedGlobals)
    timerBldc_paramter_struct                0x200000a0   Data          16  setup.o(.bss..L_MergedGlobals)
    dma_init_struct_usart                    0x200000b0   Data          36  setup.o(.bss..L_MergedGlobals)
    bldc_enable                              0x200000e8   Data           1  bldc.o(.bss..L_MergedGlobals.1)
    buzzerToggle                             0x200000e9   Data           1  bldc.o(.bss..L_MergedGlobals.1)
    buzzerFreq                               0x200000ea   Data           1  bldc.o(.bss..L_MergedGlobals.1)
    buzzerPattern                            0x200000eb   Data           1  bldc.o(.bss..L_MergedGlobals.1)
    hall_a                                   0x200000ec   Data           1  bldc.o(.bss..L_MergedGlobals.1)
    hall_b                                   0x200000ed   Data           1  bldc.o(.bss..L_MergedGlobals.1)
    hall_c                                   0x200000ee   Data           1  bldc.o(.bss..L_MergedGlobals.1)
    hall                                     0x200000ef   Data           1  bldc.o(.bss..L_MergedGlobals.1)
    pos                                      0x200000f0   Data           1  bldc.o(.bss..L_MergedGlobals.1)
    lastPos                                  0x200000f1   Data           1  bldc.o(.bss..L_MergedGlobals.1)
    bldc_inputFilterPwm                      0x200000f2   Data           2  bldc.o(.bss..L_MergedGlobals.1)
    bldc_outputFilterPwm                     0x200000f4   Data           2  bldc.o(.bss..L_MergedGlobals.1)
    buzzerTimer                              0x200000f6   Data           2  bldc.o(.bss..L_MergedGlobals.1)
    offsetcount                              0x200000f8   Data           2  bldc.o(.bss..L_MergedGlobals.1)
    currentDC                                0x200000fc   Data           4  bldc.o(.bss..L_MergedGlobals.1)
    realSpeed                                0x20000100   Data           4  bldc.o(.bss..L_MergedGlobals.1)
    speedCounter                             0x20000104   Data           4  bldc.o(.bss..L_MergedGlobals.1)
    adc_buffer                               0x20000108   Data           4  bldc.o(.bss..L_MergedGlobals.1)
    filter_reg                               0x2000010c   Data           4  bldc.o(.bss..L_MergedGlobals.1)
    dma_init_struct_adc                      0x20000110   Data          36  setup.o(.bss.dma_init_struct_adc)
    msTicks                                  0x20000134   Data           4  it.o(.bss.msTicks)
    timeoutCounter_ms                        0x20000138   Data           4  it.o(.bss.timeoutCounter_ms)
    timeoutTimer_paramter_struct             0x2000013c   Data          16  setup.o(.bss.timeoutTimer_paramter_struct)



==============================================================================

Memory Map of the image

  Image Entry point : 0x08000169

  Load Region LR_IROM1 (Base: 0x08000000, Size: 0x00004d28, Max: 0x00010000, ABSOLUTE)

    Execution Region ER_IROM1 (Exec base: 0x08000000, Load base: 0x08000000, Size: 0x00004d14, Max: 0x00010000, ABSOLUTE)

    Exec Addr    Load Addr    Size         Type   Attr      Idx    E Section Name        Object

    0x08000000   0x08000000   0x00000168   Data   RO          206    RESET               startup_gd32f1x0.o
    0x08000168   0x08000168   0x00000008   Code   RO          228  * !!!main             c_w.l(__main.o)
    0x08000170   0x08000170   0x00000034   Code   RO          458    !!!scatter          c_w.l(__scatter.o)
    0x080001a4   0x080001a4   0x0000001a   Code   RO          460    !!handler_copy      c_w.l(__scatter_copy.o)
    0x080001be   0x080001be   0x00000002   PAD
    0x080001c0   0x080001c0   0x0000001c   Code   RO          462    !!handler_zi        c_w.l(__scatter_zi.o)
    0x080001dc   0x080001dc   0x00000002   Code   RO          322    .ARM.Collect$$libinit$$00000000  c_w.l(libinit.o)
    0x080001de   0x080001de   0x00000000   Code   RO          329    .ARM.Collect$$libinit$$00000002  c_w.l(libinit2.o)
    0x080001de   0x080001de   0x00000000   Code   RO          331    .ARM.Collect$$libinit$$00000004  c_w.l(libinit2.o)
    0x080001de   0x080001de   0x00000000   Code   RO          334    .ARM.Collect$$libinit$$0000000A  c_w.l(libinit2.o)
    0x080001de   0x080001de   0x00000000   Code   RO          336    .ARM.Collect$$libinit$$0000000C  c_w.l(libinit2.o)
    0x080001de   0x080001de   0x00000000   Code   RO          338    .ARM.Collect$$libinit$$0000000E  c_w.l(libinit2.o)
    0x080001de   0x080001de   0x00000000   Code   RO          341    .ARM.Collect$$libinit$$00000011  c_w.l(libinit2.o)
    0x080001de   0x080001de   0x00000000   Code   RO          343    .ARM.Collect$$libinit$$00000013  c_w.l(libinit2.o)
    0x080001de   0x080001de   0x00000000   Code   RO          345    .ARM.Collect$$libinit$$00000015  c_w.l(libinit2.o)
    0x080001de   0x080001de   0x00000000   Code   RO          347    .ARM.Collect$$libinit$$00000017  c_w.l(libinit2.o)
    0x080001de   0x080001de   0x00000000   Code   RO          349    .ARM.Collect$$libinit$$00000019  c_w.l(libinit2.o)
    0x080001de   0x080001de   0x00000000   Code   RO          351    .ARM.Collect$$libinit$$0000001B  c_w.l(libinit2.o)
    0x080001de   0x080001de   0x00000000   Code   RO          353    .ARM.Collect$$libinit$$0000001D  c_w.l(libinit2.o)
    0x080001de   0x080001de   0x00000000   Code   RO          355    .ARM.Collect$$libinit$$0000001F  c_w.l(libinit2.o)
    0x080001de   0x080001de   0x00000000   Code   RO          357    .ARM.Collect$$libinit$$00000021  c_w.l(libinit2.o)
    0x080001de   0x080001de   0x00000000   Code   RO          359    .ARM.Collect$$libinit$$00000023  c_w.l(libinit2.o)
    0x080001de   0x080001de   0x00000000   Code   RO          361    .ARM.Collect$$libinit$$00000025  c_w.l(libinit2.o)
    0x080001de   0x080001de   0x00000000   Code   RO          365    .ARM.Collect$$libinit$$0000002C  c_w.l(libinit2.o)
    0x080001de   0x080001de   0x00000000   Code   RO          367    .ARM.Collect$$libinit$$0000002E  c_w.l(libinit2.o)
    0x080001de   0x080001de   0x00000000   Code   RO          369    .ARM.Collect$$libinit$$00000030  c_w.l(libinit2.o)
    0x080001de   0x080001de   0x00000000   Code   RO          371    .ARM.Collect$$libinit$$00000032  c_w.l(libinit2.o)
    0x080001de   0x080001de   0x00000002   Code   RO          372    .ARM.Collect$$libinit$$00000033  c_w.l(libinit2.o)
    0x080001e0   0x080001e0   0x00000002   Code   RO          394    .ARM.Collect$$libshutdown$$00000000  c_w.l(libshutdown.o)
    0x080001e2   0x080001e2   0x00000000   Code   RO          409    .ARM.Collect$$libshutdown$$00000002  c_w.l(libshutdown2.o)
    0x080001e2   0x080001e2   0x00000000   Code   RO          411    .ARM.Collect$$libshutdown$$00000004  c_w.l(libshutdown2.o)
    0x080001e2   0x080001e2   0x00000000   Code   RO          414    .ARM.Collect$$libshutdown$$00000007  c_w.l(libshutdown2.o)
    0x080001e2   0x080001e2   0x00000000   Code   RO          417    .ARM.Collect$$libshutdown$$0000000A  c_w.l(libshutdown2.o)
    0x080001e2   0x080001e2   0x00000000   Code   RO          419    .ARM.Collect$$libshutdown$$0000000C  c_w.l(libshutdown2.o)
    0x080001e2   0x080001e2   0x00000000   Code   RO          422    .ARM.Collect$$libshutdown$$0000000F  c_w.l(libshutdown2.o)
    0x080001e2   0x080001e2   0x00000002   Code   RO          423    .ARM.Collect$$libshutdown$$00000010  c_w.l(libshutdown2.o)
    0x080001e4   0x080001e4   0x00000000   Code   RO          280    .ARM.Collect$$rtentry$$00000000  c_w.l(__rtentry.o)
    0x080001e4   0x080001e4   0x00000000   Code   RO          297    .ARM.Collect$$rtentry$$00000002  c_w.l(__rtentry2.o)
    0x080001e4   0x080001e4   0x00000006   Code   RO          309    .ARM.Collect$$rtentry$$00000004  c_w.l(__rtentry4.o)
    0x080001ea   0x080001ea   0x00000000   Code   RO          299    .ARM.Collect$$rtentry$$00000009  c_w.l(__rtentry2.o)
    0x080001ea   0x080001ea   0x00000004   Code   RO          300    .ARM.Collect$$rtentry$$0000000A  c_w.l(__rtentry2.o)
    0x080001ee   0x080001ee   0x00000000   Code   RO          302    .ARM.Collect$$rtentry$$0000000C  c_w.l(__rtentry2.o)
    0x080001ee   0x080001ee   0x00000008   Code   RO          303    .ARM.Collect$$rtentry$$0000000D  c_w.l(__rtentry2.o)
    0x080001f6   0x080001f6   0x00000002   Code   RO          326    .ARM.Collect$$rtexit$$00000000  c_w.l(rtexit.o)
    0x080001f8   0x080001f8   0x00000000   Code   RO          374    .ARM.Collect$$rtexit$$00000002  c_w.l(rtexit2.o)
    0x080001f8   0x080001f8   0x00000004   Code   RO          375    .ARM.Collect$$rtexit$$00000003  c_w.l(rtexit2.o)
    0x080001fc   0x080001fc   0x00000006   Code   RO          376    .ARM.Collect$$rtexit$$00000004  c_w.l(rtexit2.o)
    0x08000202   0x08000202   0x00000002   PAD
    0x08000204   0x08000204   0x0000047c   Code   RO            1    .text               main.o
    0x08000680   0x08000680   0x000002dc   Code   RO           15    .text               bldc.o
    0x0800095c   0x0800095c   0x000007b0   Code   RO           28    .text               setup.o
    0x0800110c   0x0800110c   0x00000114   Code   RO           39    .text               it.o
    0x08001220   0x08001220   0x00000062   Code   RO           51    .text               comms.o
    0x08001282   0x08001282   0x00000002   PAD
    0x08001284   0x08001284   0x000000ac   Code   RO           61    .text               commssteering.o
    0x08001330   0x08001330   0x00000128   Code   RO           71    .text               commsmasterslave.o
    0x08001458   0x08001458   0x00000510   Code   RO           82    .text               gd32f1x0_adc.o
    0x08001968   0x08001968   0x00000328   Code   RO          100    .text               gd32f1x0_dma.o
    0x08001c90   0x08001c90   0x000000c0   Code   RO          109    .text               gd32f1x0_fwdgt.o
    0x08001d50   0x08001d50   0x000001ce   Code   RO          118    .text               gd32f1x0_gpio.o
    0x08001f1e   0x08001f1e   0x00000002   PAD
    0x08001f20   0x08001f20   0x00000118   Code   RO          136    .text               gd32f1x0_misc.o
    0x08002038   0x08002038   0x00000640   Code   RO          156    .text               gd32f1x0_rcu.o
    0x08002678   0x08002678   0x00000bc0   Code   RO          176    .text               gd32f1x0_timer.o
    0x08003238   0x08003238   0x000005f2   Code   RO          186    .text               gd32f1x0_usart.o
    0x0800382a   0x0800382a   0x00000002   PAD
    0x0800382c   0x0800382c   0x00000040   Code   RO          207    .text               startup_gd32f1x0.o
    0x0800386c   0x0800386c   0x0000012c   Code   RO          213    .text               system_gd32f1x0.o
    0x08003998   0x08003998   0x00000006   Code   RO          226    .text               c_w.l(heapauxi.o)
    0x0800399e   0x0800399e   0x0000004a   Code   RO          313    .text               c_w.l(sys_stackheap_outer.o)
    0x080039e8   0x080039e8   0x00000012   Code   RO          315    .text               c_w.l(exit.o)
    0x080039fa   0x080039fa   0x00000002   PAD
    0x080039fc   0x080039fc   0x00000008   Code   RO          323    .text               c_w.l(libspace.o)
    0x08003a04   0x08003a04   0x0000000c   Code   RO          384    .text               c_w.l(sys_exit.o)
    0x08003a10   0x08003a10   0x00000002   Code   RO          399    .text               c_w.l(use_no_semi.o)
    0x08003a12   0x08003a12   0x00000000   Code   RO          401    .text               c_w.l(indicate_semi.o)
    0x08003a12   0x08003a12   0x00000002   PAD
    0x08003a14   0x08003a14   0x00000062   Code   RO          230    x$fpl$d2f           fz_ws.l(d2f.o)
    0x08003a76   0x08003a76   0x00000002   PAD
    0x08003a78   0x08003a78   0x00000150   Code   RO          232    x$fpl$dadd          fz_ws.l(daddsub_clz.o)
    0x08003bc8   0x08003bc8   0x000002b0   Code   RO          239    x$fpl$ddiv          fz_ws.l(ddiv.o)
    0x08003e78   0x08003e78   0x0000002e   Code   RO          243    x$fpl$dflt          fz_ws.l(dflt_clz.o)
    0x08003ea6   0x08003ea6   0x00000002   PAD
    0x08003ea8   0x08003ea8   0x00000154   Code   RO          248    x$fpl$dmul          fz_ws.l(dmul.o)
    0x08003ffc   0x08003ffc   0x0000009c   Code   RO          281    x$fpl$dnaninf       fz_ws.l(dnaninf.o)
    0x08004098   0x08004098   0x0000000c   Code   RO          283    x$fpl$dretinf       fz_ws.l(dretinf.o)
    0x080040a4   0x080040a4   0x000001d4   Code   RO          234    x$fpl$dsub          fz_ws.l(daddsub_clz.o)
    0x08004278   0x08004278   0x00000056   Code   RO          250    x$fpl$f2d           fz_ws.l(f2d.o)
    0x080042ce   0x080042ce   0x00000002   PAD
    0x080042d0   0x080042d0   0x000000c4   Code   RO          252    x$fpl$fadd          fz_ws.l(faddsub_clz.o)
    0x08004394   0x08004394   0x00000054   Code   RO          258    x$fpl$fcmp          fz_ws.l(fcmp.o)
    0x080043e8   0x080043e8   0x00000018   Code   RO          311    x$fpl$fcmpinf       fz_ws.l(fcmpi.o)
    0x08004400   0x08004400   0x00000184   Code   RO          261    x$fpl$fdiv          fz_ws.l(fdiv.o)
    0x08004584   0x08004584   0x00000068   Code   RO          285    x$fpl$feqf          fz_ws.l(feqf.o)
    0x080045ec   0x080045ec   0x00000036   Code   RO          264    x$fpl$ffix          fz_ws.l(ffix.o)
    0x08004622   0x08004622   0x00000002   PAD
    0x08004624   0x08004624   0x0000003e   Code   RO          268    x$fpl$ffixu         fz_ws.l(ffixu.o)
    0x08004662   0x08004662   0x00000002   PAD
    0x08004664   0x08004664   0x00000030   Code   RO          273    x$fpl$fflt          fz_ws.l(fflt_clz.o)
    0x08004694   0x08004694   0x00000026   Code   RO          272    x$fpl$ffltu         fz_ws.l(fflt_clz.o)
    0x080046ba   0x080046ba   0x00000002   PAD
    0x080046bc   0x080046bc   0x00000068   Code   RO          287    x$fpl$fgeqf         fz_ws.l(fgeqf.o)
    0x08004724   0x08004724   0x00000068   Code   RO          289    x$fpl$fleqf         fz_ws.l(fleqf.o)
    0x0800478c   0x0800478c   0x00000102   Code   RO          278    x$fpl$fmul          fz_ws.l(fmul.o)
    0x0800488e   0x0800488e   0x0000008c   Code   RO          291    x$fpl$fnaninf       fz_ws.l(fnaninf.o)
    0x0800491a   0x0800491a   0x0000000a   Code   RO          293    x$fpl$fretinf       fz_ws.l(fretinf.o)
    0x08004924   0x08004924   0x000000ea   Code   RO          254    x$fpl$fsub          fz_ws.l(faddsub_clz.o)
    0x08004a0e   0x08004a0e   0x00000000   Code   RO          295    x$fpl$usenofp       fz_ws.l(usenofp.o)
    0x08004a0e   0x08004a0e   0x00000008   Data   RO          158    .rodata.cst8        gd32f1x0_rcu.o
    0x08004a16   0x08004a16   0x00000008   Data   RO           18    .rodata.hall_to_pos  bldc.o
    0x08004a1e   0x08004a1e   0x00000002   PAD
    0x08004a20   0x08004a20   0x000002d4   Data   RO            5    .rodata.lookUpTableAngle  main.o
    0x08004cf4   0x08004cf4   0x00000020   Data   RO          457    Region$$Table       anon$$obj.o


    Execution Region RW_IRAM1 (Exec base: 0x20000000, Load base: 0x08004d18, Size: 0x00000950, Max: 0x00002000, ABSOLUTE)

    Exec Addr    Load Addr    Size         Type   Attr      Idx    E Section Name        Object

    0x20000000   0x08004d18   0x00000008   Data   RW           19    .data..L_MergedGlobals  bldc.o
    0x20000008   0x08004d20   0x00000004   Data   RW          215    .data.SystemCoreClock  system_gd32f1x0.o
    0x2000000c   0x08004d24   0x00000001   Data   RW           42    .data.timedOut      it.o
    0x2000000d   0x08004d25   0x00000003   PAD
    0x20000010        -       0x00000060   Zero   RW          324    .bss                c_w.l(libspace.o)
    0x20000070        -       0x00000014   Zero   RW            7    .bss..L_MergedGlobals  main.o
    0x20000084        -       0x00000050   Zero   RW           32    .bss..L_MergedGlobals  setup.o
    0x200000d4        -       0x0000000a   Zero   RW           63    .bss..L_MergedGlobals  commssteering.o
    0x200000de        -       0x00000007   Zero   RW           73    .bss..L_MergedGlobals  commsmasterslave.o
    0x200000e5   0x08004d25   0x00000003   PAD
    0x200000e8        -       0x00000028   Zero   RW           20    .bss..L_MergedGlobals.1  bldc.o
    0x20000110        -       0x00000024   Zero   RW           31    .bss.dma_init_struct_adc  setup.o
    0x20000134        -       0x00000004   Zero   RW           43    .bss.msTicks        it.o
    0x20000138        -       0x00000004   Zero   RW           41    .bss.timeoutCounter_ms  it.o
    0x2000013c        -       0x00000010   Zero   RW           30    .bss.timeoutTimer_paramter_struct  setup.o
    0x2000014c   0x08004d25   0x00000004   PAD
    0x20000150        -       0x00000400   Zero   RW          205    HEAP                startup_gd32f1x0.o
    0x20000550        -       0x00000400   Zero   RW          204    STACK               startup_gd32f1x0.o


==============================================================================

Image component sizes


      Code (inc. data)   RO Data    RW Data    ZI Data      Debug   Object Name

       732         86          8          8         40       2975   bldc.o
        98          0          0          0          0       1950   comms.o
       296         28          0          0          7       2454   commsmasterslave.o
       172         20          0          0         10       1425   commssteering.o
      1296        168          0          0          0       7021   gd32f1x0_adc.o
       808        112          0          0          0       5642   gd32f1x0_dma.o
       192         32          0          0          0       1800   gd32f1x0_fwdgt.o
       462          6          0          0          0       4016   gd32f1x0_gpio.o
       280         40          0          0          0       3010   gd32f1x0_misc.o
      1600        238          8          0          0      12183   gd32f1x0_rcu.o
      3008         88          0          0          0      15484   gd32f1x0_timer.o
      1522         24          0          0          0      11145   gd32f1x0_usart.o
       276         44          0          1          8       2322   it.o
      1148        140        724          0         20       5590   main.o
      1968         96          0          0        132       5600   setup.o
        64         26        360          0       2048        896   startup_gd32f1x0.o
       300         52          0          4          0       1543   system_gd32f1x0.o

    ----------------------------------------------------------------------
     14228       1200       1134         16       2272      85056   Object Totals
         0          0         32          0          0          0   (incl. Generated)
         6          0          2          3          7          0   (incl. Padding)

    ----------------------------------------------------------------------

      Code (inc. data)   RO Data    RW Data    ZI Data      Debug   Library Member Name

         8          0          0          0          0         68   __main.o
         0          0          0          0          0          0   __rtentry.o
        12          0          0          0          0          0   __rtentry2.o
         6          0          0          0          0          0   __rtentry4.o
        52          8          0          0          0          0   __scatter.o
        26          0          0          0          0          0   __scatter_copy.o
        28          0          0          0          0          0   __scatter_zi.o
        18          0          0          0          0         80   exit.o
         6          0          0          0          0        152   heapauxi.o
         0          0          0          0          0          0   indicate_semi.o
         2          0          0          0          0          0   libinit.o
         2          0          0          0          0          0   libinit2.o
         2          0          0          0          0          0   libshutdown.o
         2          0          0          0          0          0   libshutdown2.o
         8          4          0          0         96         68   libspace.o
         2          0          0          0          0          0   rtexit.o
        10          0          0          0          0          0   rtexit2.o
        12          4          0          0          0         68   sys_exit.o
        74          0          0          0          0         80   sys_stackheap_outer.o
         2          0          0          0          0         68   use_no_semi.o
        98          4          0          0          0         92   d2f.o
       804         16          0          0          0        280   daddsub_clz.o
       688        140          0          0          0        216   ddiv.o
        46          0          0          0          0         68   dflt_clz.o
       340         12          0          0          0        104   dmul.o
       156          4          0          0          0         92   dnaninf.o
        12          0          0          0          0         68   dretinf.o
        86          4          0          0          0         84   f2d.o
       430          8          0          0          0        168   faddsub_clz.o
        84          0          0          0          0        196   fcmp.o
        24          0          0          0          0         68   fcmpi.o
       388         76          0          0          0         96   fdiv.o
       104          4          0          0          0         84   feqf.o
        54          4          0          0          0         84   ffix.o
        62          4          0          0          0         84   ffixu.o
        86          0          0          0          0        136   fflt_clz.o
       104          4          0          0          0         84   fgeqf.o
       104          4          0          0          0         84   fleqf.o
       258          4          0          0          0         84   fmul.o
       140          4          0          0          0         84   fnaninf.o
        10          0          0          0          0         68   fretinf.o
         0          0          0          0          0          0   usenofp.o

    ----------------------------------------------------------------------
      4370        308          0          0         96       2908   Library Totals
        20          0          0          0          0          0   (incl. Padding)

    ----------------------------------------------------------------------

      Code (inc. data)   RO Data    RW Data    ZI Data      Debug   Library Name

       272         16          0          0         96        584   c_w.l
      4078        292          0          0          0       2324   fz_ws.l

    ----------------------------------------------------------------------
      4370        308          0          0         96       2908   Library Totals

    ----------------------------------------------------------------------

==============================================================================


      Code (inc. data)   RO Data    RW Data    ZI Data      Debug   

     18598       1508       1134         16       2368      86368   Grand Totals
     18598       1508       1134         16       2368      86368   ELF Image Totals
     18598       1508       1134         16          0          0   ROM Totals

==============================================================================

    Total RO  Size (Code + RO Data)                19732 (  19.27kB)
    Total RW  Size (RW Data + ZI Data)              2384 (   2.33kB)
    Total ROM Size (Code + RO Data + RW Data)      19748 (  19.29kB)

==============================================================================

